Archive member included to satisfy reference by file (symbol)

c:/program files (x86)/atmel/studio/7.0/toolchain/avr8/avr8-gnu-toolchain/bin/../lib/gcc/avr/5.4.0/../../../../avr/lib/avr5\libm.a(addsf3.o)
                              Sketch.o (__addsf3)
c:/program files (x86)/atmel/studio/7.0/toolchain/avr8/avr8-gnu-toolchain/bin/../lib/gcc/avr/5.4.0/../../../../avr/lib/avr5\libm.a(addsf3x.o)
                              c:/program files (x86)/atmel/studio/7.0/toolchain/avr8/avr8-gnu-toolchain/bin/../lib/gcc/avr/5.4.0/../../../../avr/lib/avr5\libm.a(addsf3.o) (__addsf3x)
c:/program files (x86)/atmel/studio/7.0/toolchain/avr8/avr8-gnu-toolchain/bin/../lib/gcc/avr/5.4.0/../../../../avr/lib/avr5\libm.a(cmpsf2.o)
                              Sketch.o (__ltsf2)
c:/program files (x86)/atmel/studio/7.0/toolchain/avr8/avr8-gnu-toolchain/bin/../lib/gcc/avr/5.4.0/../../../../avr/lib/avr5\libm.a(fixsfsi.o)
                              Sketch.o (__fixsfsi)
c:/program files (x86)/atmel/studio/7.0/toolchain/avr8/avr8-gnu-toolchain/bin/../lib/gcc/avr/5.4.0/../../../../avr/lib/avr5\libm.a(fixunssfsi.o)
                              c:/program files (x86)/atmel/studio/7.0/toolchain/avr8/avr8-gnu-toolchain/bin/../lib/gcc/avr/5.4.0/../../../../avr/lib/avr5\libm.a(fixsfsi.o) (__fixunssfsi)
c:/program files (x86)/atmel/studio/7.0/toolchain/avr8/avr8-gnu-toolchain/bin/../lib/gcc/avr/5.4.0/../../../../avr/lib/avr5\libm.a(fp_cmp.o)
                              c:/program files (x86)/atmel/studio/7.0/toolchain/avr8/avr8-gnu-toolchain/bin/../lib/gcc/avr/5.4.0/../../../../avr/lib/avr5\libm.a(cmpsf2.o) (__fp_cmp)
c:/program files (x86)/atmel/studio/7.0/toolchain/avr8/avr8-gnu-toolchain/bin/../lib/gcc/avr/5.4.0/../../../../avr/lib/avr5\libm.a(fp_inf.o)
                              c:/program files (x86)/atmel/studio/7.0/toolchain/avr8/avr8-gnu-toolchain/bin/../lib/gcc/avr/5.4.0/../../../../avr/lib/avr5\libm.a(addsf3x.o) (__fp_inf)
c:/program files (x86)/atmel/studio/7.0/toolchain/avr8/avr8-gnu-toolchain/bin/../lib/gcc/avr/5.4.0/../../../../avr/lib/avr5\libm.a(fp_nan.o)
                              c:/program files (x86)/atmel/studio/7.0/toolchain/avr8/avr8-gnu-toolchain/bin/../lib/gcc/avr/5.4.0/../../../../avr/lib/avr5\libm.a(addsf3x.o) (__fp_nan)
c:/program files (x86)/atmel/studio/7.0/toolchain/avr8/avr8-gnu-toolchain/bin/../lib/gcc/avr/5.4.0/../../../../avr/lib/avr5\libm.a(fp_pscA.o)
                              c:/program files (x86)/atmel/studio/7.0/toolchain/avr8/avr8-gnu-toolchain/bin/../lib/gcc/avr/5.4.0/../../../../avr/lib/avr5\libm.a(addsf3x.o) (__fp_pscA)
c:/program files (x86)/atmel/studio/7.0/toolchain/avr8/avr8-gnu-toolchain/bin/../lib/gcc/avr/5.4.0/../../../../avr/lib/avr5\libm.a(fp_pscB.o)
                              c:/program files (x86)/atmel/studio/7.0/toolchain/avr8/avr8-gnu-toolchain/bin/../lib/gcc/avr/5.4.0/../../../../avr/lib/avr5\libm.a(addsf3x.o) (__fp_pscB)
c:/program files (x86)/atmel/studio/7.0/toolchain/avr8/avr8-gnu-toolchain/bin/../lib/gcc/avr/5.4.0/../../../../avr/lib/avr5\libm.a(fp_round.o)
                              c:/program files (x86)/atmel/studio/7.0/toolchain/avr8/avr8-gnu-toolchain/bin/../lib/gcc/avr/5.4.0/../../../../avr/lib/avr5\libm.a(addsf3.o) (__fp_round)
c:/program files (x86)/atmel/studio/7.0/toolchain/avr8/avr8-gnu-toolchain/bin/../lib/gcc/avr/5.4.0/../../../../avr/lib/avr5\libm.a(fp_split3.o)
                              c:/program files (x86)/atmel/studio/7.0/toolchain/avr8/avr8-gnu-toolchain/bin/../lib/gcc/avr/5.4.0/../../../../avr/lib/avr5\libm.a(addsf3x.o) (__fp_split3)
c:/program files (x86)/atmel/studio/7.0/toolchain/avr8/avr8-gnu-toolchain/bin/../lib/gcc/avr/5.4.0/../../../../avr/lib/avr5\libm.a(fp_zero.o)
                              c:/program files (x86)/atmel/studio/7.0/toolchain/avr8/avr8-gnu-toolchain/bin/../lib/gcc/avr/5.4.0/../../../../avr/lib/avr5\libm.a(addsf3x.o) (__fp_zero)
c:/program files (x86)/atmel/studio/7.0/toolchain/avr8/avr8-gnu-toolchain/bin/../lib/gcc/avr/5.4.0/../../../../avr/lib/avr5\libm.a(gesf2.o)
                              Sketch.o (__gesf2)
C:\Users\cyber\DOCUME~1\GitHub\HYDRO-~1\SENSOR~1\SENSOR~1\ARDUIN~1\Debug\libArduinoCore.a(HardwareSerial.o)
                              Sketch.o (_ZN14HardwareSerial9availableEv)
C:\Users\cyber\DOCUME~1\GitHub\HYDRO-~1\SENSOR~1\SENSOR~1\ARDUIN~1\Debug\libArduinoCore.a(HardwareSerial0.o)
                              Sketch.o (Serial)
C:\Users\cyber\DOCUME~1\GitHub\HYDRO-~1\SENSOR~1\SENSOR~1\ARDUIN~1\Debug\libArduinoCore.a(main.o)
                              C:/Program Files (x86)/Atmel/Studio/7.0/Packs/atmel/ATmega_DFP/1.2.209/gcc/dev/atmega328p/avr5/crtatmega328p.o (main)
C:\Users\cyber\DOCUME~1\GitHub\HYDRO-~1\SENSOR~1\SENSOR~1\ARDUIN~1\Debug\libArduinoCore.a(Print.o)
                              C:\Users\cyber\DOCUME~1\GitHub\HYDRO-~1\SENSOR~1\SENSOR~1\ARDUIN~1\Debug\libArduinoCore.a(HardwareSerial.o) (_ZN5Print5writeEPKhj)
[...]
Memory Configuration

Name             Origin             Length             Attributes
text             0x00000000         0x00020000         xr
data             0x00800060         0x0000ffa0         rw !x
eeprom           0x00810000         0x00010000         rw !x
fuse             0x00820000         0x00000003         rw !x
lock             0x00830000         0x00000400         rw !x
signature        0x00840000         0x00000400         rw !x
user_signatures  0x00850000         0x00000400         rw !x
*default*        0x00000000         0xffffffff

Linker script and memory map

Address of section .data set to 0x800100
LOAD C:/Program Files (x86)/Atmel/Studio/7.0/Packs/atmel/ATmega_DFP/1.2.209/gcc/dev/atmega328p/avr5/crtatmega328p.o
LOAD Sketch.o
START GROUP
LOAD c:/program files (x86)/atmel/studio/7.0/toolchain/avr8/avr8-gnu-toolchain/bin/../lib/gcc/avr/5.4.0/../../../../avr/lib/avr5\libm.a
LOAD C:\Users\cyber\DOCUME~1\GitHub\HYDRO-~1\SENSOR~1\SENSOR~1\ARDUIN~1\Debug\libArduinoCore.a
END GROUP
LOAD c:/program files (x86)/atmel/studio/7.0/toolchain/avr8/avr8-gnu-toolchain/bin/../lib/gcc/avr/5.4.0/avr5\libgcc.a
LOAD c:/program files (x86)/atmel/studio/7.0/toolchain/avr8/avr8-gnu-toolchain/bin/../lib/gcc/avr/5.4.0/../../../../avr/lib/avr5\libm.a
START GROUP
LOAD c:/program files (x86)/atmel/studio/7.0/toolchain/avr8/avr8-gnu-toolchain/bin/../lib/gcc/avr/5.4.0/avr5\libgcc.a
LOAD c:/program files (x86)/atmel/studio/7.0/toolchain/avr8/avr8-gnu-toolchain/bin/../lib/gcc/avr/5.4.0/../../../../avr/lib/avr5\libm.a
LOAD c:/program files (x86)/atmel/studio/7.0/toolchain/avr8/avr8-gnu-toolchain/bin/../lib/gcc/avr/5.4.0/../../../../avr/lib/avr5\libc.a
LOAD C:/Program Files (x86)/Atmel/Studio/7.0/Packs/atmel/ATmega_DFP/1.2.209/gcc/dev/atmega328p/avr5\libatmega328p.a
END GROUP
                0x00020000                __TEXT_REGION_LENGTH__ = DEFINED (__TEXT_REGION_LENGTH__)?__TEXT_REGION_LENGTH__:0x20000
                0x0000ffa0                __DATA_REGION_LENGTH__ = DEFINED (__DATA_REGION_LENGTH__)?__DATA_REGION_LENGTH__:0xffa0
                0x00010000                __EEPROM_REGION_LENGTH__ = DEFINED (__EEPROM_REGION_LENGTH__)?__EEPROM_REGION_LENGTH__:0x10000
                [0x00000003]                __FUSE_REGION_LENGTH__ = DEFINED (__FUSE_REGION_LENGTH__)?__FUSE_REGION_LENGTH__:0x400
                0x00000400                __LOCK_REGION_LENGTH__ = DEFINED (__LOCK_REGION_LENGTH__)?__LOCK_REGION_LENGTH__:0x400
                0x00000400                __SIGNATURE_REGION_LENGTH__ = DEFINED (__SIGNATURE_REGION_LENGTH__)?__SIGNATURE_REGION_LENGTH__:0x400
                0x00000400                __USER_SIGNATURE_REGION_LENGTH__ = DEFINED (__USER_SIGNATURE_REGION_LENGTH__)?__USER_SIGNATURE_REGION_LENGTH__:0x400

.hash
 *(.hash)

.dynsym
 *(.dynsym)

.dynstr
 *(.dynstr)

.gnu.version
 *(.gnu.version)

.gnu.version_d
 *(.gnu.version_d)

.gnu.version_r
 *(.gnu.version_r)

.rel.init
 *(.rel.init)

.rela.init
 *(.rela.init)

.rel.text
 *(.rel.text)
 *(.rel.text.*)
 *(.rel.gnu.linkonce.t*)

.rela.text
 *(.rela.text)
 *(.rela.text.*)
 *(.rela.gnu.linkonce.t*)

.rel.fini
 *(.rel.fini)

.rela.fini
 *(.rela.fini)

.rel.rodata
 *(.rel.rodata)
 *(.rel.rodata.*)
 *(.rel.gnu.linkonce.r*)

.rela.rodata
 *(.rela.rodata)
 *(.rela.rodata.*)
 *(.rela.gnu.linkonce.r*)

.rel.data
 *(.rel.data)
 *(.rel.data.*)
 *(.rel.gnu.linkonce.d*)

.rela.data
 *(.rela.data)
 *(.rela.data.*)
 *(.rela.gnu.linkonce.d*)

.rel.ctors
 *(.rel.ctors)

.rela.ctors
 *(.rela.ctors)

.rel.dtors
 *(.rel.dtors)

.rela.dtors
 *(.rela.dtors)

.rel.got
 *(.rel.got)

.rela.got
 *(.rela.got)

.rel.bss
 *(.rel.bss)

.rela.bss
 *(.rela.bss)

.rel.plt
 *(.rel.plt)

.rela.plt
 *(.rela.plt)

.text           0x00000000     0x2dd2
 *(.vectors)
 .vectors       0x00000000       0x68 C:/Program Files (x86)/Atmel/Studio/7.0/Packs/atmel/ATmega_DFP/1.2.209/gcc/dev/atmega328p/avr5/crtatmega328p.o
                0x00000000                __vector_default
                0x00000000                __vectors
 *(.vectors)
 *(.progmem.gcc*)
                0x00000068                . = ALIGN (0x2)
                0x00000068                __trampolines_start = .
 *(.trampolines)
 .trampolines   0x00000068        0x0 linker stubs
 *(.trampolines*)
                0x00000068                __trampolines_end = .
 *libprintf_flt.a:*(.progmem.data)
 *libc.a:*(.progmem.data)
 .progmem.data  0x00000068       0x3b c:/program files (x86)/atmel/studio/7.0/toolchain/avr8/avr8-gnu-toolchain/bin/../lib/gcc/avr/5.4.0/../../../../avr/lib/avr5\libc.a(strtod.o)
 .progmem.data  0x000000a3       0xfa c:/program files (x86)/atmel/studio/7.0/toolchain/avr8/avr8-gnu-toolchain/bin/../lib/gcc/avr/5.4.0/../../../../avr/lib/avr5\libc.a(ftoa_engine.o)
 *(.progmem*)
 .progmem.data.digital_pin_to_timer_PGM
                0x0000019d       0x14 C:\Users\cyber\DOCUME~1\GitHub\HYDRO-~1\SENSOR~1\SENSOR~1\ARDUIN~1\Debug\libArduinoCore.a(wiring_digital.o)
                0x0000019d                digital_pin_to_timer_PGM
 .progmem.data.digital_pin_to_bit_mask_PGM
                0x000001b1       0x14 C:\Users\cyber\DOCUME~1\GitHub\HYDRO-~1\SENSOR~1\SENSOR~1\ARDUIN~1\Debug\libArduinoCore.a(wiring_digital.o)
                0x000001b1                digital_pin_to_bit_mask_PGM
 .progmem.data.digital_pin_to_port_PGM
                0x000001c5       0x14 C:\Users\cyber\DOCUME~1\GitHub\HYDRO-~1\SENSOR~1\SENSOR~1\ARDUIN~1\Debug\libArduinoCore.a(wiring_digital.o)
                0x000001c5                digital_pin_to_port_PGM
 .progmem.data.port_to_output_PGM
                0x000001d9        0xa C:\Users\cyber\DOCUME~1\GitHub\HYDRO-~1\SENSOR~1\SENSOR~1\ARDUIN~1\Debug\libArduinoCore.a(wiring_digital.o)
                0x000001d9                port_to_output_PGM
 .progmem.data.port_to_mode_PGM
                0x000001e3        0xa C:\Users\cyber\DOCUME~1\GitHub\HYDRO-~1\SENSOR~1\SENSOR~1\ARDUIN~1\Debug\libArduinoCore.a(wiring_digital.o)
                0x000001e3                port_to_mode_PGM
                0x000001ee                . = ALIGN (0x2)
 *fill*         0x000001ed        0x1 
 *(.jumptables)
 *(.jumptables*)
 *(.lowtext)
 *(.lowtext*)
                0x000001ee                __ctors_start = .
 *(.ctors)
 .ctors         0x000001ee        0x2 Sketch.o
 .ctors         0x000001f0        0x2 C:\Users\cyber\DOCUME~1\GitHub\HYDRO-~1\SENSOR~1\SENSOR~1\ARDUIN~1\Debug\libArduinoCore.a(HardwareSerial0.o)
 .ctors         0x000001f2        0x2 C:\Users\cyber\DOCUME~1\GitHub\HYDRO-~1\SENSOR~1\SENSOR~1\ARDUIN~1\Debug\libArduinoCore.a(Wire.o)
                0x000001f4                __ctors_end = .
                0x000001f4                __dtors_start = .
 *(.dtors)
 .dtors         0x000001f4        0x2 Sketch.o
                0x000001f6                __dtors_end = .
 SORT(*)(.ctors)
 SORT(*)(.dtors)
 *(.init0)
 .init0         0x000001f6        0x0 C:/Program Files (x86)/Atmel/Studio/7.0/Packs/atmel/ATmega_DFP/1.2.209/gcc/dev/atmega328p/avr5/crtatmega328p.o
                0x000001f6                __init
 *(.init0)
 *(.init1)
 *(.init1)
 *(.init2)
 .init2         0x000001f6        0xc C:/Program Files (x86)/Atmel/Studio/7.0/Packs/atmel/ATmega_DFP/1.2.209/gcc/dev/atmega328p/avr5/crtatmega328p.o
 *(.init2)
 *(.init3)
 *(.init3)
 *(.init4)
 .init4         0x00000202       0x16 c:/program files (x86)/atmel/studio/7.0/toolchain/avr8/avr8-gnu-toolchain/bin/../lib/gcc/avr/5.4.0/avr5\libgcc.a(_copy_data.o)
                0x00000202                __do_copy_data
 .init4         0x00000218       0x10 c:/program files (x86)/atmel/studio/7.0/toolchain/avr8/avr8-gnu-toolchain/bin/../lib/gcc/avr/5.4.0/avr5\libgcc.a(_clear_bss.o)
                0x00000218                __do_clear_bss
 *(.init4)
 *(.init5)
 *(.init5)
 *(.init6)
 .init6         0x00000228       0x16 c:/program files (x86)/atmel/studio/7.0/toolchain/avr8/avr8-gnu-toolchain/bin/../lib/gcc/avr/5.4.0/avr5\libgcc.a(_ctors.o)
                0x00000228                __do_global_ctors
 *(.init6)
 *(.init7)
 *(.init7)
 *(.init8)
 *(.init8)
 *(.init9)
 .init9         0x0000023e        0x8 C:/Program Files (x86)/Atmel/Studio/7.0/Packs/atmel/ATmega_DFP/1.2.209/gcc/dev/atmega328p/avr5/crtatmega328p.o
 *(.init9)
 *(.text)
 .text          0x00000246        0x4 C:/Program Files (x86)/Atmel/Studio/7.0/Packs/atmel/ATmega_DFP/1.2.209/gcc/dev/atmega328p/avr5/crtatmega328p.o
                0x00000246                __vector_22
                0x00000246                __vector_1
                0x00000246                __vector_12
                0x00000246                __bad_interrupt
                0x00000246                __vector_6
                0x00000246                __vector_3
                0x00000246                __vector_23
                0x00000246                __vector_25
                0x00000246                __vector_11
                0x00000246                __vector_13
                0x00000246                __vector_17
                0x00000246                __vector_7
                0x00000246                __vector_5
                0x00000246                __vector_4
                0x00000246                __vector_9
                0x00000246                __vector_2
                0x00000246                __vector_21
                0x00000246                __vector_15
                0x00000246                __vector_8
                0x00000246                __vector_14
                0x00000246                __vector_10
                0x00000246                __vector_20
                0x0000024a                . = ALIGN (0x2)
 *(.text.*)
 .text._Z11initDisplayv
                0x0000024a       0x28 Sketch.o
                0x0000024a                _Z11initDisplayv
 .text.setup    0x00000272       0x1e Sketch.o
                0x00000272                setup
 .text._Z10printErrori
                0x00000290       0x56 Sketch.o
                0x00000290                _Z10printErrori
 .text._Z14printToDisplayv
                0x000002e6      0x1ac Sketch.o
                0x000002e6                _Z14printToDisplayv
 .text._Z9parseData6String
                0x00000492      0x180 Sketch.o
                0x00000492                _Z9parseData6String
 .text._Z13checkReadingsv
                0x00000612      0x14a Sketch.o
                0x00000612                _Z13checkReadingsv
 .text.startup._GLOBAL__sub_I_lcd
                0x0000075c       0x50 Sketch.o
 .text.exit._GLOBAL__sub_D_lcd
                0x000007ac       0x28 Sketch.o
 .text._Z13readDataBytesv
                0x000007d4       0xa0 Sketch.o
                0x000007d4                _Z13readDataBytesv
 .text.loop     0x00000874       0x98 Sketch.o
                0x00000874                loop
 .text.avr-libc.fplib
                0x0000090c        0xe c:/program files (x86)/atmel/studio/7.0/toolchain/avr8/avr8-gnu-toolchain/bin/../lib/gcc/avr/5.4.0/../../../../avr/lib/avr5\libm.a(addsf3.o)
                0x0000090c                __subsf3
                0x0000090e                __addsf3
 .text.avr-libc.fplib
                0x0000091a       0xcc c:/program files (x86)/atmel/studio/7.0/toolchain/avr8/avr8-gnu-toolchain/bin/../lib/gcc/avr/5.4.0/../../../../avr/lib/avr5\libm.a(addsf3x.o)
                0x0000093c                __addsf3x
 .text.avr-libc.fplib
                0x000009e6        0xa c:/program files (x86)/atmel/studio/7.0/toolchain/avr8/avr8-gnu-toolchain/bin/../lib/gcc/avr/5.4.0/../../../../avr/lib/avr5\libm.a(cmpsf2.o)
                0x000009e6                __nesf2
                0x000009e6                __eqsf2
                0x000009e6                __cmpsf2
                0x000009e6                __ltsf2
                0x000009e6                __lesf2
 .text.avr-libc.fplib
                0x000009f0        0xe c:/program files (x86)/atmel/studio/7.0/toolchain/avr8/avr8-gnu-toolchain/bin/../lib/gcc/avr/5.4.0/../../../../avr/lib/avr5\libm.a(fixsfsi.o)
                0x000009f0                __fixsfsi
 .text.avr-libc.fplib
                0x000009fe       0x5e c:/program files (x86)/atmel/studio/7.0/toolchain/avr8/avr8-gnu-toolchain/bin/../lib/gcc/avr/5.4.0/../../../../avr/lib/avr5\libm.a(fixunssfsi.o)
                0x000009fe                __fixunssfsi
 .text.avr-libc.fplib
                0x00000a5c       0x48 c:/program files (x86)/atmel/studio/7.0/toolchain/avr8/avr8-gnu-toolchain/bin/../lib/gcc/avr/5.4.0/../../../../avr/lib/avr5\libm.a(fp_cmp.o)
                0x00000a5c                __fp_cmp
 .text.avr-libc.fplib
                0x00000aa4        0xc c:/program files (x86)/atmel/studio/7.0/toolchain/avr8/avr8-gnu-toolchain/bin/../lib/gcc/avr/5.4.0/../../../../avr/lib/avr5\libm.a(fp_inf.o)
                0x00000aa4                __fp_inf
 .text.avr-libc.fplib
                0x00000ab0        0x6 c:/program files (x86)/atmel/studio/7.0/toolchain/avr8/avr8-gnu-toolchain/bin/../lib/gcc/avr/5.4.0/../../../../avr/lib/avr5\libm.a(fp_nan.o)
                0x00000ab0                __fp_nan
 .text.avr-libc.fplib
                0x00000ab6        0xe c:/program files (x86)/atmel/studio/7.0/toolchain/avr8/avr8-gnu-toolchain/bin/../lib/gcc/avr/5.4.0/../../../../avr/lib/avr5\libm.a(fp_pscA.o)
                0x00000ab6                __fp_pscA
 .text.avr-libc.fplib
                0x00000ac4        0xe c:/program files (x86)/atmel/studio/7.0/toolchain/avr8/avr8-gnu-toolchain/bin/../lib/gcc/avr/5.4.0/../../../../avr/lib/avr5\libm.a(fp_pscB.o)
                0x00000ac4                __fp_pscB
 .text.avr-libc.fplib
                0x00000ad2       0x22 c:/program files (x86)/atmel/studio/7.0/toolchain/avr8/avr8-gnu-toolchain/bin/../lib/gcc/avr/5.4.0/../../../../avr/lib/avr5\libm.a(fp_round.o)
                0x00000ad2                __fp_round
 .text.avr-libc.fplib
                0x00000af4       0x44 c:/program files (x86)/atmel/studio/7.0/toolchain/avr8/avr8-gnu-toolchain/bin/../lib/gcc/avr/5.4.0/../../../../avr/lib/avr5\libm.a(fp_split3.o)
                0x00000af4                __fp_split3
                0x00000b04                __fp_splitA
 .text.avr-libc.fplib
                0x00000b38        0xe c:/program files (x86)/atmel/studio/7.0/toolchain/avr8/avr8-gnu-toolchain/bin/../lib/gcc/avr/5.4.0/../../../../avr/lib/avr5\libm.a(fp_zero.o)
                0x00000b38                __fp_zero
                0x00000b3a                __fp_szero
 .text.avr-libc.fplib
                0x00000b46        0xa c:/program files (x86)/atmel/studio/7.0/toolchain/avr8/avr8-gnu-toolchain/bin/../lib/gcc/avr/5.4.0/../../../../avr/lib/avr5\libm.a(gesf2.o)
                0x00000b46                __gesf2
                0x00000b46                __gtsf2
 .text._ZN14HardwareSerial9availableEv
                0x00000b50       0x18 C:\Users\cyber\DOCUME~1\GitHub\HYDRO-~1\SENSOR~1\SENSOR~1\ARDUIN~1\Debug\libArduinoCore.a(HardwareSerial.o)
                0x00000b50                _ZN14HardwareSerial9availableEv
 .text._ZN14HardwareSerial4peekEv
                0x00000b68       0x1c C:\Users\cyber\DOCUME~1\GitHub\HYDRO-~1\SENSOR~1\SENSOR~1\ARDUIN~1\Debug\libArduinoCore.a(HardwareSerial.o)
                0x00000b68                _ZN14HardwareSerial4peekEv
 .text._ZN14HardwareSerial4readEv
                0x00000b84       0x28 C:\Users\cyber\DOCUME~1\GitHub\HYDRO-~1\SENSOR~1\SENSOR~1\ARDUIN~1\Debug\libArduinoCore.a(HardwareSerial.o)
                0x00000b84                _ZN14HardwareSerial4readEv
 .text._ZN14HardwareSerial17availableForWriteEv
                0x00000bac       0x1e C:\Users\cyber\DOCUME~1\GitHub\HYDRO-~1\SENSOR~1\SENSOR~1\ARDUIN~1\Debug\libArduinoCore.a(HardwareSerial.o)
                0x00000bac                _ZN14HardwareSerial17availableForWriteEv
 .text._Z14serialEventRunv
                0x00000bca       0x1c C:\Users\cyber\DOCUME~1\GitHub\HYDRO-~1\SENSOR~1\SENSOR~1\ARDUIN~1\Debug\libArduinoCore.a(HardwareSerial.o)
                0x00000bca                _Z14serialEventRunv
 .text._ZN14HardwareSerial17_tx_udr_empty_irqEv
                0x00000be6       0x44 C:\Users\cyber\DOCUME~1\GitHub\HYDRO-~1\SENSOR~1\SENSOR~1\ARDUIN~1\Debug\libArduinoCore.a(HardwareSerial.o)
                0x00000be6                _ZN14HardwareSerial17_tx_udr_empty_irqEv
 .text._ZN14HardwareSerial5writeEh
                0x00000c2a       0x9a C:\Users\cyber\DOCUME~1\GitHub\HYDRO-~1\SENSOR~1\SENSOR~1\ARDUIN~1\Debug\libArduinoCore.a(HardwareSerial.o)
                0x00000c2a                _ZN14HardwareSerial5writeEh
 .text._ZN14HardwareSerial5flushEv
                0x00000cc4       0x44 C:\Users\cyber\DOCUME~1\GitHub\HYDRO-~1\SENSOR~1\SENSOR~1\ARDUIN~1\Debug\libArduinoCore.a(HardwareSerial.o)
                0x00000cc4                _ZN14HardwareSerial5flushEv
 .text._ZN14HardwareSerial5beginEmh
                0x00000d08       0xca C:\Users\cyber\DOCUME~1\GitHub\HYDRO-~1\SENSOR~1\SENSOR~1\ARDUIN~1\Debug\libArduinoCore.a(HardwareSerial.o)
                0x00000d08                _ZN14HardwareSerial5beginEmh
 .text._ZN5Print17availableForWriteEv
                0x00000dd2        0x6 C:\Users\cyber\DOCUME~1\GitHub\HYDRO-~1\SENSOR~1\SENSOR~1\ARDUIN~1\Debug\libArduinoCore.a(HardwareSerial0.o)
                0x00000dd2                _ZN5Print17availableForWriteEv
 .text._ZN5Print5flushEv
                0x00000dd8        0x2 C:\Users\cyber\DOCUME~1\GitHub\HYDRO-~1\SENSOR~1\SENSOR~1\ARDUIN~1\Debug\libArduinoCore.a(HardwareSerial0.o)
                0x00000dd8                _ZN5Print5flushEv
 .text.__vector_18
                0x00000dda       0x64 C:\Users\cyber\DOCUME~1\GitHub\HYDRO-~1\SENSOR~1\SENSOR~1\ARDUIN~1\Debug\libArduinoCore.a(HardwareSerial0.o)
                0x00000dda                __vector_18
 .text.__vector_19
                0x00000e3e       0x4c C:\Users\cyber\DOCUME~1\GitHub\HYDRO-~1\SENSOR~1\SENSOR~1\ARDUIN~1\Debug\libArduinoCore.a(HardwareSerial0.o)
                0x00000e3e                __vector_19
 .text._Z17Serial0_availablev
                0x00000e8a       0x14 C:\Users\cyber\DOCUME~1\GitHub\HYDRO-~1\SENSOR~1\SENSOR~1\ARDUIN~1\Debug\libArduinoCore.a(HardwareSerial0.o)
                0x00000e8a                _Z17Serial0_availablev
 .text.startup._GLOBAL__sub_I___vector_18
                0x00000e9e       0x5a C:\Users\cyber\DOCUME~1\GitHub\HYDRO-~1\SENSOR~1\SENSOR~1\ARDUIN~1\Debug\libArduinoCore.a(HardwareSerial0.o)
 .text.initVariant
                0x00000ef8        0x2 C:\Users\cyber\DOCUME~1\GitHub\HYDRO-~1\SENSOR~1\SENSOR~1\ARDUIN~1\Debug\libArduinoCore.a(main.o)
                0x00000ef8                initVariant
 .text.startup.main
                0x00000efa       0x1e C:\Users\cyber\DOCUME~1\GitHub\HYDRO-~1\SENSOR~1\SENSOR~1\ARDUIN~1\Debug\libArduinoCore.a(main.o)
                0x00000efa                main
 .text._ZN5Print5writeEPKhj
                0x00000f18       0x54 C:\Users\cyber\DOCUME~1\GitHub\HYDRO-~1\SENSOR~1\SENSOR~1\ARDUIN~1\Debug\libArduinoCore.a(Print.o)
                0x00000f18                _ZN5Print5writeEPKhj
 .text._ZN5Print5writeEPKc
                0x00000f6c       0x2a C:\Users\cyber\DOCUME~1\GitHub\HYDRO-~1\SENSOR~1\SENSOR~1\ARDUIN~1\Debug\libArduinoCore.a(Print.o)
                0x00000f6c                _ZN5Print5writeEPKc
 .text._ZN5Print5printERK6String
                0x00000f96       0x1c C:\Users\cyber\DOCUME~1\GitHub\HYDRO-~1\SENSOR~1\SENSOR~1\ARDUIN~1\Debug\libArduinoCore.a(Print.o)
                0x00000f96                _ZN5Print5printERK6String
 .text._ZN5Print5printEPKc
                0x00000fb2        0x4 C:\Users\cyber\DOCUME~1\GitHub\HYDRO-~1\SENSOR~1\SENSOR~1\ARDUIN~1\Debug\libArduinoCore.a(Print.o)
                0x00000fb2                _ZN5Print5printEPKc
 .text.__vector_16
                0x00000fb6       0x94 C:\Users\cyber\DOCUME~1\GitHub\HYDRO-~1\SENSOR~1\SENSOR~1\ARDUIN~1\Debug\libArduinoCore.a(wiring.o)
                0x00000fb6                __vector_16
 .text.micros   0x0000104a       0x4a C:\Users\cyber\DOCUME~1\GitHub\HYDRO-~1\SENSOR~1\SENSOR~1\ARDUIN~1\Debug\libArduinoCore.a(wiring.o)
                0x0000104a                micros
 .text.delay    0x00001094       0x78 C:\Users\cyber\DOCUME~1\GitHub\HYDRO-~1\SENSOR~1\SENSOR~1\ARDUIN~1\Debug\libArduinoCore.a(wiring.o)
                0x00001094                delay
 .text.delayMicroseconds
                0x0000110c       0x16 C:\Users\cyber\DOCUME~1\GitHub\HYDRO-~1\SENSOR~1\SENSOR~1\ARDUIN~1\Debug\libArduinoCore.a(wiring.o)
                0x0000110c                delayMicroseconds
 .text.init     0x00001122       0x76 C:\Users\cyber\DOCUME~1\GitHub\HYDRO-~1\SENSOR~1\SENSOR~1\ARDUIN~1\Debug\libArduinoCore.a(wiring.o)
                0x00001122                init
 .text.turnOffPWM
                0x00001198       0x52 C:\Users\cyber\DOCUME~1\GitHub\HYDRO-~1\SENSOR~1\SENSOR~1\ARDUIN~1\Debug\libArduinoCore.a(wiring_digital.o)
 .text.pinMode  0x000011ea       0x78 C:\Users\cyber\DOCUME~1\GitHub\HYDRO-~1\SENSOR~1\SENSOR~1\ARDUIN~1\Debug\libArduinoCore.a(wiring_digital.o)
                0x000011ea                pinMode
 .text.digitalWrite
                0x00001262       0x5e C:\Users\cyber\DOCUME~1\GitHub\HYDRO-~1\SENSOR~1\SENSOR~1\ARDUIN~1\Debug\libArduinoCore.a(wiring_digital.o)
                0x00001262                digitalWrite
 .text._ZNK6String14StringIfHelperEv
                0x000012c0        0x2 C:\Users\cyber\DOCUME~1\GitHub\HYDRO-~1\SENSOR~1\SENSOR~1\ARDUIN~1\Debug\libArduinoCore.a(WString.o)
                0x000012c0                _ZNK6String14StringIfHelperEv
 .text._ZN6StringD2Ev
                0x000012c2        0xa C:\Users\cyber\DOCUME~1\GitHub\HYDRO-~1\SENSOR~1\SENSOR~1\ARDUIN~1\Debug\libArduinoCore.a(WString.o)
                0x000012c2                _ZN6StringD2Ev
                0x000012c2                _ZN6StringD1Ev
 .text._ZN6String10invalidateEv
                0x000012cc       0x24 C:\Users\cyber\DOCUME~1\GitHub\HYDRO-~1\SENSOR~1\SENSOR~1\ARDUIN~1\Debug\libArduinoCore.a(WString.o)
                0x000012cc                _ZN6String10invalidateEv
 .text._ZN6String12changeBufferEj
                0x000012f0       0x34 C:\Users\cyber\DOCUME~1\GitHub\HYDRO-~1\SENSOR~1\SENSOR~1\ARDUIN~1\Debug\libArduinoCore.a(WString.o)
                0x000012f0                _ZN6String12changeBufferEj
 .text._ZN6String7reserveEj
                0x00001324       0x38 C:\Users\cyber\DOCUME~1\GitHub\HYDRO-~1\SENSOR~1\SENSOR~1\ARDUIN~1\Debug\libArduinoCore.a(WString.o)
                0x00001324                _ZN6String7reserveEj
 .text._ZN6String4copyEPKcj
                0x0000135c       0x42 C:\Users\cyber\DOCUME~1\GitHub\HYDRO-~1\SENSOR~1\SENSOR~1\ARDUIN~1\Debug\libArduinoCore.a(WString.o)
                0x0000135c                _ZN6String4copyEPKcj
 .text._ZN6StringC2EPKc
                0x0000139e       0x2a C:\Users\cyber\DOCUME~1\GitHub\HYDRO-~1\SENSOR~1\SENSOR~1\ARDUIN~1\Debug\libArduinoCore.a(WString.o)
                0x0000139e                _ZN6StringC2EPKc
                0x0000139e                _ZN6StringC1EPKc
 .text._ZN6String4moveERS_
                0x000013c8       0x7a C:\Users\cyber\DOCUME~1\GitHub\HYDRO-~1\SENSOR~1\SENSOR~1\ARDUIN~1\Debug\libArduinoCore.a(WString.o)
                0x000013c8                _ZN6String4moveERS_
 .text._ZN6StringaSERKS_
                0x00001442       0x2e C:\Users\cyber\DOCUME~1\GitHub\HYDRO-~1\SENSOR~1\SENSOR~1\ARDUIN~1\Debug\libArduinoCore.a(WString.o)
                0x00001442                _ZN6StringaSERKS_
 .text._ZN6StringC2ERKS_
                0x00001470       0x12 C:\Users\cyber\DOCUME~1\GitHub\HYDRO-~1\SENSOR~1\SENSOR~1\ARDUIN~1\Debug\libArduinoCore.a(WString.o)
                0x00001470                _ZN6StringC2ERKS_
                0x00001470                _ZN6StringC1ERKS_
 .text._ZN6StringaSEOS_
                0x00001482       0x18 C:\Users\cyber\DOCUME~1\GitHub\HYDRO-~1\SENSOR~1\SENSOR~1\ARDUIN~1\Debug\libArduinoCore.a(WString.o)
                0x00001482                _ZN6StringaSEOS_
 .text._ZN6StringaSEPKc
                0x0000149a       0x2e C:\Users\cyber\DOCUME~1\GitHub\HYDRO-~1\SENSOR~1\SENSOR~1\ARDUIN~1\Debug\libArduinoCore.a(WString.o)
                0x0000149a                _ZN6StringaSEPKc
 .text._ZN6StringC2Eih
                0x000014c8       0x58 C:\Users\cyber\DOCUME~1\GitHub\HYDRO-~1\SENSOR~1\SENSOR~1\ARDUIN~1\Debug\libArduinoCore.a(WString.o)
                0x000014c8                _ZN6StringC2Eih
                0x000014c8                _ZN6StringC1Eih
 .text._ZN6StringC2Efh
                0x00001520       0x60 C:\Users\cyber\DOCUME~1\GitHub\HYDRO-~1\SENSOR~1\SENSOR~1\ARDUIN~1\Debug\libArduinoCore.a(WString.o)
                0x00001520                _ZN6StringC2Efh
                0x00001520                _ZN6StringC1Efh
 .text._ZN6String6concatEPKcj
                0x00001580       0x5c C:\Users\cyber\DOCUME~1\GitHub\HYDRO-~1\SENSOR~1\SENSOR~1\ARDUIN~1\Debug\libArduinoCore.a(WString.o)
                0x00001580                _ZN6String6concatEPKcj
 .text._ZN6String6concatEc
                0x000015dc       0x26 C:\Users\cyber\DOCUME~1\GitHub\HYDRO-~1\SENSOR~1\SENSOR~1\ARDUIN~1\Debug\libArduinoCore.a(WString.o)
                0x000015dc                _ZN6String6concatEc
 .text._ZplRK15StringSumHelperRK6String
                0x00001602       0x26 C:\Users\cyber\DOCUME~1\GitHub\HYDRO-~1\SENSOR~1\SENSOR~1\ARDUIN~1\Debug\libArduinoCore.a(WString.o)
                0x00001602                _ZplRK15StringSumHelperRK6String
 .text._ZplRK15StringSumHelperPKc
                0x00001628       0x32 C:\Users\cyber\DOCUME~1\GitHub\HYDRO-~1\SENSOR~1\SENSOR~1\ARDUIN~1\Debug\libArduinoCore.a(WString.o)
                0x00001628                _ZplRK15StringSumHelperPKc
 .text._ZNK6String10startsWithERKS_j
                0x0000165a       0x4c C:\Users\cyber\DOCUME~1\GitHub\HYDRO-~1\SENSOR~1\SENSOR~1\ARDUIN~1\Debug\libArduinoCore.a(WString.o)
                0x0000165a                _ZNK6String10startsWithERKS_j
 .text._ZNK6String10startsWithERKS_
                0x000016a6       0x1e C:\Users\cyber\DOCUME~1\GitHub\HYDRO-~1\SENSOR~1\SENSOR~1\ARDUIN~1\Debug\libArduinoCore.a(WString.o)
                0x000016a6                _ZNK6String10startsWithERKS_
 .text._ZNK6String9substringEjj
                0x000016c4       0x8a C:\Users\cyber\DOCUME~1\GitHub\HYDRO-~1\SENSOR~1\SENSOR~1\ARDUIN~1\Debug\libArduinoCore.a(WString.o)
                0x000016c4                _ZNK6String9substringEjj
 .text._ZNK6String8toDoubleEv
                0x0000174e       0x16 C:\Users\cyber\DOCUME~1\GitHub\HYDRO-~1\SENSOR~1\SENSOR~1\ARDUIN~1\Debug\libArduinoCore.a(WString.o)
                0x0000174e                _ZNK6String8toDoubleEv
 .text._ZNK6String7toFloatEv
                0x00001764        0x4 C:\Users\cyber\DOCUME~1\GitHub\HYDRO-~1\SENSOR~1\SENSOR~1\ARDUIN~1\Debug\libArduinoCore.a(WString.o)
                0x00001764                _ZNK6String7toFloatEv
 .text._ZN17LiquidCrystal_I2CC2Ehhhh
                0x00001768       0x20 C:\Users\cyber\DOCUME~1\GitHub\HYDRO-~1\SENSOR~1\SENSOR~1\ARDUIN~1\Debug\libArduinoCore.a(LiquidCrystal_I2C.o)
                0x00001768                _ZN17LiquidCrystal_I2CC2Ehhhh
                0x00001768                _ZN17LiquidCrystal_I2CC1Ehhhh
 .text._ZN17LiquidCrystal_I2C13expanderWriteEh
                0x00001788       0x2e C:\Users\cyber\DOCUME~1\GitHub\HYDRO-~1\SENSOR~1\SENSOR~1\ARDUIN~1\Debug\libArduinoCore.a(LiquidCrystal_I2C.o)
                0x00001788                _ZN17LiquidCrystal_I2C13expanderWriteEh
 .text._ZN17LiquidCrystal_I2C9backlightEv
                0x000017b6        0xc C:\Users\cyber\DOCUME~1\GitHub\HYDRO-~1\SENSOR~1\SENSOR~1\ARDUIN~1\Debug\libArduinoCore.a(LiquidCrystal_I2C.o)
                0x000017b6                _ZN17LiquidCrystal_I2C9backlightEv
 .text._ZN17LiquidCrystal_I2C11pulseEnableEh
                0x000017c2       0x30 C:\Users\cyber\DOCUME~1\GitHub\HYDRO-~1\SENSOR~1\SENSOR~1\ARDUIN~1\Debug\libArduinoCore.a(LiquidCrystal_I2C.o)
                0x000017c2                _ZN17LiquidCrystal_I2C11pulseEnableEh
 .text._ZN17LiquidCrystal_I2C10write4bitsEh
                0x000017f2       0x1c C:\Users\cyber\DOCUME~1\GitHub\HYDRO-~1\SENSOR~1\SENSOR~1\ARDUIN~1\Debug\libArduinoCore.a(LiquidCrystal_I2C.o)
                0x000017f2                _ZN17LiquidCrystal_I2C10write4bitsEh
 .text._ZN17LiquidCrystal_I2C4sendEhh
                0x0000180e       0x2e C:\Users\cyber\DOCUME~1\GitHub\HYDRO-~1\SENSOR~1\SENSOR~1\ARDUIN~1\Debug\libArduinoCore.a(LiquidCrystal_I2C.o)
                0x0000180e                _ZN17LiquidCrystal_I2C4sendEhh
 .text._ZN17LiquidCrystal_I2C7commandEh
                0x0000183c        0x6 C:\Users\cyber\DOCUME~1\GitHub\HYDRO-~1\SENSOR~1\SENSOR~1\ARDUIN~1\Debug\libArduinoCore.a(LiquidCrystal_I2C.o)
                0x0000183c                _ZN17LiquidCrystal_I2C7commandEh
 .text._ZN17LiquidCrystal_I2C5clearEv
                0x00001842        0xe C:\Users\cyber\DOCUME~1\GitHub\HYDRO-~1\SENSOR~1\SENSOR~1\ARDUIN~1\Debug\libArduinoCore.a(LiquidCrystal_I2C.o)
                0x00001842                _ZN17LiquidCrystal_I2C5clearEv
 .text._ZN17LiquidCrystal_I2C4homeEv
                0x00001850        0xe C:\Users\cyber\DOCUME~1\GitHub\HYDRO-~1\SENSOR~1\SENSOR~1\ARDUIN~1\Debug\libArduinoCore.a(LiquidCrystal_I2C.o)
                0x00001850                _ZN17LiquidCrystal_I2C4homeEv
 .text._ZN17LiquidCrystal_I2C9setCursorEhh
                0x0000185e       0x5c C:\Users\cyber\DOCUME~1\GitHub\HYDRO-~1\SENSOR~1\SENSOR~1\ARDUIN~1\Debug\libArduinoCore.a(LiquidCrystal_I2C.o)
                0x0000185e                _ZN17LiquidCrystal_I2C9setCursorEhh
 .text._ZN17LiquidCrystal_I2C7displayEv
                0x000018ba       0x10 C:\Users\cyber\DOCUME~1\GitHub\HYDRO-~1\SENSOR~1\SENSOR~1\ARDUIN~1\Debug\libArduinoCore.a(LiquidCrystal_I2C.o)
                0x000018ba                _ZN17LiquidCrystal_I2C7displayEv
 .text._ZN17LiquidCrystal_I2C5writeEh
                0x000018ca        0xc C:\Users\cyber\DOCUME~1\GitHub\HYDRO-~1\SENSOR~1\SENSOR~1\ARDUIN~1\Debug\libArduinoCore.a(LiquidCrystal_I2C.o)
                0x000018ca                _ZN17LiquidCrystal_I2C5writeEh
 .text._ZN17LiquidCrystal_I2C5beginEv
                0x000018d6       0xb2 C:\Users\cyber\DOCUME~1\GitHub\HYDRO-~1\SENSOR~1\SENSOR~1\ARDUIN~1\Debug\libArduinoCore.a(LiquidCrystal_I2C.o)
                0x000018d6                _ZN17LiquidCrystal_I2C5beginEv
 .text._ZN7TwoWire9availableEv
                0x00001988       0x10 C:\Users\cyber\DOCUME~1\GitHub\HYDRO-~1\SENSOR~1\SENSOR~1\ARDUIN~1\Debug\libArduinoCore.a(Wire.o)
                0x00001988                _ZN7TwoWire9availableEv
 .text._ZN7TwoWire4readEv
                0x00001998       0x28 C:\Users\cyber\DOCUME~1\GitHub\HYDRO-~1\SENSOR~1\SENSOR~1\ARDUIN~1\Debug\libArduinoCore.a(Wire.o)
                0x00001998                _ZN7TwoWire4readEv
 .text._ZN7TwoWire4peekEv
                0x000019c0       0x1e C:\Users\cyber\DOCUME~1\GitHub\HYDRO-~1\SENSOR~1\SENSOR~1\ARDUIN~1\Debug\libArduinoCore.a(Wire.o)
                0x000019c0                _ZN7TwoWire4peekEv
 .text._ZN7TwoWire5flushEv
                0x000019de        0x2 C:\Users\cyber\DOCUME~1\GitHub\HYDRO-~1\SENSOR~1\SENSOR~1\ARDUIN~1\Debug\libArduinoCore.a(Wire.o)
                0x000019de                _ZN7TwoWire5flushEv
 .text._ZN7TwoWire16onReceiveServiceEPhi
                0x000019e0       0x54 C:\Users\cyber\DOCUME~1\GitHub\HYDRO-~1\SENSOR~1\SENSOR~1\ARDUIN~1\Debug\libArduinoCore.a(Wire.o)
                0x000019e0                _ZN7TwoWire16onReceiveServiceEPhi
 .text._ZN7TwoWire16onRequestServiceEv
                0x00001a34       0x18 C:\Users\cyber\DOCUME~1\GitHub\HYDRO-~1\SENSOR~1\SENSOR~1\ARDUIN~1\Debug\libArduinoCore.a(Wire.o)
                0x00001a34                _ZN7TwoWire16onRequestServiceEv
 .text._ZN7TwoWire5writeEPKhj
                0x00001a4c       0x5a C:\Users\cyber\DOCUME~1\GitHub\HYDRO-~1\SENSOR~1\SENSOR~1\ARDUIN~1\Debug\libArduinoCore.a(Wire.o)
                0x00001a4c                _ZN7TwoWire5writeEPKhj
 .text._ZN7TwoWire5writeEh
                0x00001aa6       0x5e C:\Users\cyber\DOCUME~1\GitHub\HYDRO-~1\SENSOR~1\SENSOR~1\ARDUIN~1\Debug\libArduinoCore.a(Wire.o)
                0x00001aa6                _ZN7TwoWire5writeEh
 .text._ZN7TwoWireC2Ev
                0x00001b04       0x20 C:\Users\cyber\DOCUME~1\GitHub\HYDRO-~1\SENSOR~1\SENSOR~1\ARDUIN~1\Debug\libArduinoCore.a(Wire.o)
                0x00001b04                _ZN7TwoWireC1Ev
                0x00001b04                _ZN7TwoWireC2Ev
 .text._ZN7TwoWire5beginEv
                0x00001b24       0x24 C:\Users\cyber\DOCUME~1\GitHub\HYDRO-~1\SENSOR~1\SENSOR~1\ARDUIN~1\Debug\libArduinoCore.a(Wire.o)
                0x00001b24                _ZN7TwoWire5beginEv
 .text._ZN7TwoWire17beginTransmissionEh
                0x00001b48       0x14 C:\Users\cyber\DOCUME~1\GitHub\HYDRO-~1\SENSOR~1\SENSOR~1\ARDUIN~1\Debug\libArduinoCore.a(Wire.o)
                0x00001b48                _ZN7TwoWire17beginTransmissionEh
 .text._ZN7TwoWire15endTransmissionEh
                0x00001b5c       0x26 C:\Users\cyber\DOCUME~1\GitHub\HYDRO-~1\SENSOR~1\SENSOR~1\ARDUIN~1\Debug\libArduinoCore.a(Wire.o)
                0x00001b5c                _ZN7TwoWire15endTransmissionEh
 .text._ZN7TwoWire15endTransmissionEv
                0x00001b82        0x6 C:\Users\cyber\DOCUME~1\GitHub\HYDRO-~1\SENSOR~1\SENSOR~1\ARDUIN~1\Debug\libArduinoCore.a(Wire.o)
                0x00001b82                _ZN7TwoWire15endTransmissionEv
 .text.startup._GLOBAL__sub_I__ZN7TwoWire8rxBufferE
                0x00001b88        0x8 C:\Users\cyber\DOCUME~1\GitHub\HYDRO-~1\SENSOR~1\SENSOR~1\ARDUIN~1\Debug\libArduinoCore.a(Wire.o)
 .text.__empty  0x00001b90        0x2 C:\Users\cyber\DOCUME~1\GitHub\HYDRO-~1\SENSOR~1\SENSOR~1\ARDUIN~1\Debug\libArduinoCore.a(hooks.o)
                0x00001b90                yield
 .text.twi_init
                0x00001b92       0x3c C:\Users\cyber\DOCUME~1\GitHub\HYDRO-~1\SENSOR~1\SENSOR~1\ARDUIN~1\Debug\libArduinoCore.a(twi.o)
                0x00001b92                twi_init
 .text.twi_writeTo
                0x00001bce       0xac C:\Users\cyber\DOCUME~1\GitHub\HYDRO-~1\SENSOR~1\SENSOR~1\ARDUIN~1\Debug\libArduinoCore.a(twi.o)
                0x00001bce                twi_writeTo
 .text.twi_transmit
                0x00001c7a       0x50 C:\Users\cyber\DOCUME~1\GitHub\HYDRO-~1\SENSOR~1\SENSOR~1\ARDUIN~1\Debug\libArduinoCore.a(twi.o)
                0x00001c7a                twi_transmit
 .text.twi_attachSlaveRxEvent
                0x00001cca        0xa C:\Users\cyber\DOCUME~1\GitHub\HYDRO-~1\SENSOR~1\SENSOR~1\ARDUIN~1\Debug\libArduinoCore.a(twi.o)
                0x00001cca                twi_attachSlaveRxEvent
 .text.twi_attachSlaveTxEvent
                0x00001cd4        0xa C:\Users\cyber\DOCUME~1\GitHub\HYDRO-~1\SENSOR~1\SENSOR~1\ARDUIN~1\Debug\libArduinoCore.a(twi.o)
                0x00001cd4                twi_attachSlaveTxEvent
 .text.twi_stop
                0x00001cde       0x14 C:\Users\cyber\DOCUME~1\GitHub\HYDRO-~1\SENSOR~1\SENSOR~1\ARDUIN~1\Debug\libArduinoCore.a(twi.o)
                0x00001cde                twi_stop
 .text.twi_releaseBus
                0x00001cf2        0xc C:\Users\cyber\DOCUME~1\GitHub\HYDRO-~1\SENSOR~1\SENSOR~1\ARDUIN~1\Debug\libArduinoCore.a(twi.o)
                0x00001cf2                twi_releaseBus
 .text.__vector_24
                0x00001cfe      0x25a C:\Users\cyber\DOCUME~1\GitHub\HYDRO-~1\SENSOR~1\SENSOR~1\ARDUIN~1\Debug\libArduinoCore.a(twi.o)
                0x00001cfe                __vector_24
 .text.avr-libc.fplib
                0x00001f58       0x7a c:/program files (x86)/atmel/studio/7.0/toolchain/avr8/avr8-gnu-toolchain/bin/../lib/gcc/avr/5.4.0/../../../../avr/lib/avr5\libm.a(floatsisf.o)
                0x00001f58                __floatunsisf
                0x00001f5c                __floatsisf
 .text.avr-libc.fplib
                0x00001fd2        0x8 c:/program files (x86)/atmel/studio/7.0/toolchain/avr8/avr8-gnu-toolchain/bin/../lib/gcc/avr/5.4.0/../../../../avr/lib/avr5\libm.a(mulsf3.o)
                0x00001fd2                __mulsf3
 .text.avr-libc.fplib
                0x00001fda       0xd2 c:/program files (x86)/atmel/studio/7.0/toolchain/avr8/avr8-gnu-toolchain/bin/../lib/gcc/avr/5.4.0/../../../../avr/lib/avr5\libm.a(mulsf3x.o)
                0x00001ff8                __mulsf3x
                0x00001ffe                __mulsf3_pse
 .text.libgcc.div
                0x000020ac       0x44 c:/program files (x86)/atmel/studio/7.0/toolchain/avr8/avr8-gnu-toolchain/bin/../lib/gcc/avr/5.4.0/avr5\libgcc.a(_udivmodsi4.o)
                0x000020ac                __udivmodsi4
 .text.libgcc   0x000020f0        0xc c:/program files (x86)/atmel/studio/7.0/toolchain/avr8/avr8-gnu-toolchain/bin/../lib/gcc/avr/5.4.0/avr5\libgcc.a(_tablejump2.o)
                0x000020f0                __tablejump2__
 .text.avr-libc
                0x000020fc       0x40 c:/program files (x86)/atmel/studio/7.0/toolchain/avr8/avr8-gnu-toolchain/bin/../lib/gcc/avr/5.4.0/../../../../avr/lib/avr5\libc.a(dtostrf.o)
                0x000020fc                dtostrf
 .text.avr-libc
                0x0000213c      0x242 c:/program files (x86)/atmel/studio/7.0/toolchain/avr8/avr8-gnu-toolchain/bin/../lib/gcc/avr/5.4.0/../../../../avr/lib/avr5\libc.a(malloc.o)
                0x0000213c                malloc
                0x0000226c                free
 .text.avr-libc
                0x0000237e      0x18c c:/program files (x86)/atmel/studio/7.0/toolchain/avr8/avr8-gnu-toolchain/bin/../lib/gcc/avr/5.4.0/../../../../avr/lib/avr5\libc.a(realloc.o)
                0x0000237e                realloc
 .text.avr-libc
                0x0000250a        0x8 c:/program files (x86)/atmel/studio/7.0/toolchain/avr8/avr8-gnu-toolchain/bin/../lib/gcc/avr/5.4.0/../../../../avr/lib/avr5\libc.a(atof.o)
                0x0000250a                atof
 .text.avr-libc
                0x00002512       0x12 c:/program files (x86)/atmel/studio/7.0/toolchain/avr8/avr8-gnu-toolchain/bin/../lib/gcc/avr/5.4.0/../../../../avr/lib/avr5\libc.a(isspace.o)
                0x00002512                isspace
 .text.avr-libc
                0x00002524       0x12 c:/program files (x86)/atmel/studio/7.0/toolchain/avr8/avr8-gnu-toolchain/bin/../lib/gcc/avr/5.4.0/../../../../avr/lib/avr5\libc.a(memcpy.o)
                0x00002524                memcpy
 .text.avr-libc
                0x00002536        0xe c:/program files (x86)/atmel/studio/7.0/toolchain/avr8/avr8-gnu-toolchain/bin/../lib/gcc/avr/5.4.0/../../../../avr/lib/avr5\libc.a(strcpy.o)
                0x00002536                strcpy
 .text.avr-libc
                0x00002544       0x1c c:/program files (x86)/atmel/studio/7.0/toolchain/avr8/avr8-gnu-toolchain/bin/../lib/gcc/avr/5.4.0/../../../../avr/lib/avr5\libc.a(strncmp.o)
                0x00002544                strncmp
 .text.avr-libc
                0x00002560       0x16 c:/program files (x86)/atmel/studio/7.0/toolchain/avr8/avr8-gnu-toolchain/bin/../lib/gcc/avr/5.4.0/../../../../avr/lib/avr5\libc.a(itoa.o)
                0x00002560                __itoa
                0x00002560                itoa
 .text.avr-libc
                0x00002576       0x16 c:/program files (x86)/atmel/studio/7.0/toolchain/avr8/avr8-gnu-toolchain/bin/../lib/gcc/avr/5.4.0/../../../../avr/lib/avr5\libc.a(itoa_ncheck.o)
                0x00002576                __itoa_ncheck
 .text.avr-libc
                0x0000258c       0x34 c:/program files (x86)/atmel/studio/7.0/toolchain/avr8/avr8-gnu-toolchain/bin/../lib/gcc/avr/5.4.0/../../../../avr/lib/avr5\libc.a(utoa_ncheck.o)
                0x0000258c                __utoa_ncheck
                0x0000258e                __utoa_common
 .text.avr-libc
                0x000025c0      0x2b4 c:/program files (x86)/atmel/studio/7.0/toolchain/avr8/avr8-gnu-toolchain/bin/../lib/gcc/avr/5.4.0/../../../../avr/lib/avr5\libc.a(dtoa_prf.o)
                0x000025c0                dtoa_prf
 .text.avr-libc
                0x00002874      0x29c c:/program files (x86)/atmel/studio/7.0/toolchain/avr8/avr8-gnu-toolchain/bin/../lib/gcc/avr/5.4.0/../../../../avr/lib/avr5\libc.a(strtod.o)
                0x00002874                strtod
 .text.avr-libc
                0x00002b10      0x1b0 c:/program files (x86)/atmel/studio/7.0/toolchain/avr8/avr8-gnu-toolchain/bin/../lib/gcc/avr/5.4.0/../../../../avr/lib/avr5\libc.a(ftoa_engine.o)
                0x00002b10                __ftoa_engine
 .text.avr-libc
                0x00002cc0        0x6 c:/program files (x86)/atmel/studio/7.0/toolchain/avr8/avr8-gnu-toolchain/bin/../lib/gcc/avr/5.4.0/../../../../avr/lib/avr5\libc.a(cty_isfalse.o)
                0x00002cc0                __ctype_isfalse
                0x00002cc4                __ctype_istrue
 .text.avr-libc
                0x00002cc6       0x30 c:/program files (x86)/atmel/studio/7.0/toolchain/avr8/avr8-gnu-toolchain/bin/../lib/gcc/avr/5.4.0/../../../../avr/lib/avr5\libc.a(strncasecmp_P.o)
                0x00002cc6                strncasecmp_P
 .text.avr-libc
                0x00002cf6       0x20 c:/program files (x86)/atmel/studio/7.0/toolchain/avr8/avr8-gnu-toolchain/bin/../lib/gcc/avr/5.4.0/../../../../avr/lib/avr5\libc.a(strrev.o)
                0x00002cf6                strrev
 .text.libgcc.mul
                0x00002d16       0x16 c:/program files (x86)/atmel/studio/7.0/toolchain/avr8/avr8-gnu-toolchain/bin/../lib/gcc/avr/5.4.0/avr5\libgcc.a(_muluhisi3.o)
                0x00002d16                __muluhisi3
 .text.libgcc.prologue
                0x00002d2c       0x38 c:/program files (x86)/atmel/studio/7.0/toolchain/avr8/avr8-gnu-toolchain/bin/../lib/gcc/avr/5.4.0/avr5\libgcc.a(_prologue.o)
                0x00002d2c                __prologue_saves__
 .text.libgcc.prologue
                0x00002d64       0x36 c:/program files (x86)/atmel/studio/7.0/toolchain/avr8/avr8-gnu-toolchain/bin/../lib/gcc/avr/5.4.0/avr5\libgcc.a(_epilogue.o)
                0x00002d64                __epilogue_restores__
 .text.libgcc.mul
                0x00002d9a       0x1e c:/program files (x86)/atmel/studio/7.0/toolchain/avr8/avr8-gnu-toolchain/bin/../lib/gcc/avr/5.4.0/avr5\libgcc.a(_umulhisi3.o)
                0x00002d9a                __umulhisi3
                0x00002db8                . = ALIGN (0x2)
 *(.fini9)
 .fini9         0x00002db8        0x0 c:/program files (x86)/atmel/studio/7.0/toolchain/avr8/avr8-gnu-toolchain/bin/../lib/gcc/avr/5.4.0/avr5\libgcc.a(_exit.o)
                0x00002db8                _exit
                0x00002db8                exit
 *(.fini9)
 *(.fini8)
 *(.fini8)
 *(.fini7)
 *(.fini7)
 *(.fini6)
 .fini6         0x00002db8       0x16 c:/program files (x86)/atmel/studio/7.0/toolchain/avr8/avr8-gnu-toolchain/bin/../lib/gcc/avr/5.4.0/avr5\libgcc.a(_dtors.o)
                0x00002db8                __do_global_dtors
 *(.fini6)
 *(.fini5)
 *(.fini5)
 *(.fini4)
 *(.fini4)
 *(.fini3)
 *(.fini3)
 *(.fini2)
 *(.fini2)
 *(.fini1)
 *(.fini1)
 *(.fini0)
 .fini0         0x00002dce        0x4 c:/program files (x86)/atmel/studio/7.0/toolchain/avr8/avr8-gnu-toolchain/bin/../lib/gcc/avr/5.4.0/avr5\libgcc.a(_exit.o)
 *(.fini0)
                0x00002dd2                _etext = .

.data           0x00800100       0xcc load address 0x00002dd2
                0x00800100                PROVIDE (__data_start, .)
 *(.data)
 .data          0x00800100        0x6 c:/program files (x86)/atmel/studio/7.0/toolchain/avr8/avr8-gnu-toolchain/bin/../lib/gcc/avr/5.4.0/../../../../avr/lib/avr5\libc.a(malloc.o)
                0x00800100                __malloc_heap_end
                0x00800102                __malloc_heap_start
                0x00800104                __malloc_margin
 *(.data*)
 .data.readingData
                0x00800106        0x1 Sketch.o
                0x00800106                readingData
 *(.gnu.linkonce.d*)
 *(.rodata)
 .rodata        0x00800107        0x8 C:\Users\cyber\DOCUME~1\GitHub\HYDRO-~1\SENSOR~1\SENSOR~1\ARDUIN~1\Debug\libArduinoCore.a(LiquidCrystal_I2C.o)
 *(.rodata*)
 .rodata.str1.1
                0x0080010f       0x8d Sketch.o
                                 0x90 (size before relaxing)
 .rodata._ZTV14HardwareSerial
                0x0080019c       0x12 C:\Users\cyber\DOCUME~1\GitHub\HYDRO-~1\SENSOR~1\SENSOR~1\ARDUIN~1\Debug\libArduinoCore.a(HardwareSerial.o)
                0x0080019c                _ZTV14HardwareSerial
 .rodata.str1.1
                0x008001ae        0x1 C:\Users\cyber\DOCUME~1\GitHub\HYDRO-~1\SENSOR~1\SENSOR~1\ARDUIN~1\Debug\libArduinoCore.a(WString.o)
 .rodata._ZTV17LiquidCrystal_I2C
                0x008001ae        0xc C:\Users\cyber\DOCUME~1\GitHub\HYDRO-~1\SENSOR~1\SENSOR~1\ARDUIN~1\Debug\libArduinoCore.a(LiquidCrystal_I2C.o)
                0x008001ae                _ZTV17LiquidCrystal_I2C
 .rodata._ZTV7TwoWire
                0x008001ba       0x12 C:\Users\cyber\DOCUME~1\GitHub\HYDRO-~1\SENSOR~1\SENSOR~1\ARDUIN~1\Debug\libArduinoCore.a(Wire.o)
                0x008001ba                _ZTV7TwoWire
 *(.gnu.linkonce.r*)
                0x008001cc                . = ALIGN (0x2)
                0x008001cc                _edata = .
                0x008001cc                PROVIDE (__data_end, .)

.bss            0x008001cc      0x1ab
                0x008001cc                PROVIDE (__bss_start, .)
 *(.bss)
 *(.bss*)
 .bss.data      0x008001cc        0x6 Sketch.o
                0x008001cc                data
 .bss.currentError
                0x008001d2        0x6 Sketch.o
                0x008001d2                currentError
 .bss.synchError
                0x008001d8        0x1 Sketch.o
                0x008001d8                synchError
 .bss.cond_state_string
                0x008001d9        0x6 Sketch.o
                0x008001d9                cond_state_string
 .bss.cond_state
                0x008001df        0x2 Sketch.o
                0x008001df                cond_state
 .bss.ph_state_string
                0x008001e1        0x6 Sketch.o
                0x008001e1                ph_state_string
 .bss.temp_state_string
                0x008001e7        0x6 Sketch.o
                0x008001e7                temp_state_string
 .bss.temp_state
                0x008001ed        0x2 Sketch.o
                0x008001ed                temp_state
 .bss.conductivity
                0x008001ef        0x4 Sketch.o
                0x008001ef                conductivity
 .bss.ph        0x008001f3        0x4 Sketch.o
                0x008001f3                ph
 .bss.temp      0x008001f7        0x4 Sketch.o
                0x008001f7                temp
 .bss.lcd       0x008001fb        0xc Sketch.o
                0x008001fb                lcd
 .bss.Serial    0x00800207       0x9d C:\Users\cyber\DOCUME~1\GitHub\HYDRO-~1\SENSOR~1\SENSOR~1\ARDUIN~1\Debug\libArduinoCore.a(HardwareSerial0.o)
                0x00800207                Serial
 .bss.timer0_fract
                0x008002a4        0x1 C:\Users\cyber\DOCUME~1\GitHub\HYDRO-~1\SENSOR~1\SENSOR~1\ARDUIN~1\Debug\libArduinoCore.a(wiring.o)
 .bss.timer0_millis
                0x008002a5        0x4 C:\Users\cyber\DOCUME~1\GitHub\HYDRO-~1\SENSOR~1\SENSOR~1\ARDUIN~1\Debug\libArduinoCore.a(wiring.o)
                0x008002a5                timer0_millis
 .bss.timer0_overflow_count
                0x008002a9        0x4 C:\Users\cyber\DOCUME~1\GitHub\HYDRO-~1\SENSOR~1\SENSOR~1\ARDUIN~1\Debug\libArduinoCore.a(wiring.o)
                0x008002a9                timer0_overflow_count
 .bss.Wire      0x008002ad        0xc C:\Users\cyber\DOCUME~1\GitHub\HYDRO-~1\SENSOR~1\SENSOR~1\ARDUIN~1\Debug\libArduinoCore.a(Wire.o)
                0x008002ad                Wire
 .bss._ZN7TwoWire14user_onReceiveE
                0x008002b9        0x2 C:\Users\cyber\DOCUME~1\GitHub\HYDRO-~1\SENSOR~1\SENSOR~1\ARDUIN~1\Debug\libArduinoCore.a(Wire.o)
                0x008002b9                _ZN7TwoWire14user_onReceiveE
 .bss._ZN7TwoWire14user_onRequestE
                0x008002bb        0x2 C:\Users\cyber\DOCUME~1\GitHub\HYDRO-~1\SENSOR~1\SENSOR~1\ARDUIN~1\Debug\libArduinoCore.a(Wire.o)
                0x008002bb                _ZN7TwoWire14user_onRequestE
 .bss._ZN7TwoWire12transmittingE
                0x008002bd        0x1 C:\Users\cyber\DOCUME~1\GitHub\HYDRO-~1\SENSOR~1\SENSOR~1\ARDUIN~1\Debug\libArduinoCore.a(Wire.o)
                0x008002bd                _ZN7TwoWire12transmittingE
 .bss._ZN7TwoWire14txBufferLengthE
                0x008002be        0x1 C:\Users\cyber\DOCUME~1\GitHub\HYDRO-~1\SENSOR~1\SENSOR~1\ARDUIN~1\Debug\libArduinoCore.a(Wire.o)
                0x008002be                _ZN7TwoWire14txBufferLengthE
 .bss._ZN7TwoWire13txBufferIndexE
                0x008002bf        0x1 C:\Users\cyber\DOCUME~1\GitHub\HYDRO-~1\SENSOR~1\SENSOR~1\ARDUIN~1\Debug\libArduinoCore.a(Wire.o)
                0x008002bf                _ZN7TwoWire13txBufferIndexE
 .bss._ZN7TwoWire8txBufferE
                0x008002c0       0x20 C:\Users\cyber\DOCUME~1\GitHub\HYDRO-~1\SENSOR~1\SENSOR~1\ARDUIN~1\Debug\libArduinoCore.a(Wire.o)
                0x008002c0                _ZN7TwoWire8txBufferE
 .bss._ZN7TwoWire9txAddressE
                0x008002e0        0x1 C:\Users\cyber\DOCUME~1\GitHub\HYDRO-~1\SENSOR~1\SENSOR~1\ARDUIN~1\Debug\libArduinoCore.a(Wire.o)
                0x008002e0                _ZN7TwoWire9txAddressE
 .bss._ZN7TwoWire14rxBufferLengthE
                0x008002e1        0x1 C:\Users\cyber\DOCUME~1\GitHub\HYDRO-~1\SENSOR~1\SENSOR~1\ARDUIN~1\Debug\libArduinoCore.a(Wire.o)
                0x008002e1                _ZN7TwoWire14rxBufferLengthE
 .bss._ZN7TwoWire13rxBufferIndexE
                0x008002e2        0x1 C:\Users\cyber\DOCUME~1\GitHub\HYDRO-~1\SENSOR~1\SENSOR~1\ARDUIN~1\Debug\libArduinoCore.a(Wire.o)
                0x008002e2                _ZN7TwoWire13rxBufferIndexE
 .bss._ZN7TwoWire8rxBufferE
                0x008002e3       0x20 C:\Users\cyber\DOCUME~1\GitHub\HYDRO-~1\SENSOR~1\SENSOR~1\ARDUIN~1\Debug\libArduinoCore.a(Wire.o)
                0x008002e3                _ZN7TwoWire8rxBufferE
 .bss.twi_error
                0x00800303        0x1 C:\Users\cyber\DOCUME~1\GitHub\HYDRO-~1\SENSOR~1\SENSOR~1\ARDUIN~1\Debug\libArduinoCore.a(twi.o)
 .bss.twi_rxBufferIndex
                0x00800304        0x1 C:\Users\cyber\DOCUME~1\GitHub\HYDRO-~1\SENSOR~1\SENSOR~1\ARDUIN~1\Debug\libArduinoCore.a(twi.o)
 .bss.twi_rxBuffer
                0x00800305       0x20 C:\Users\cyber\DOCUME~1\GitHub\HYDRO-~1\SENSOR~1\SENSOR~1\ARDUIN~1\Debug\libArduinoCore.a(twi.o)
 .bss.twi_txBufferLength
                0x00800325        0x1 C:\Users\cyber\DOCUME~1\GitHub\HYDRO-~1\SENSOR~1\SENSOR~1\ARDUIN~1\Debug\libArduinoCore.a(twi.o)
 .bss.twi_txBufferIndex
                0x00800326        0x1 C:\Users\cyber\DOCUME~1\GitHub\HYDRO-~1\SENSOR~1\SENSOR~1\ARDUIN~1\Debug\libArduinoCore.a(twi.o)
 .bss.twi_txBuffer
                0x00800327       0x20 C:\Users\cyber\DOCUME~1\GitHub\HYDRO-~1\SENSOR~1\SENSOR~1\ARDUIN~1\Debug\libArduinoCore.a(twi.o)
 .bss.twi_masterBufferLength
                0x00800347        0x1 C:\Users\cyber\DOCUME~1\GitHub\HYDRO-~1\SENSOR~1\SENSOR~1\ARDUIN~1\Debug\libArduinoCore.a(twi.o)
 .bss.twi_masterBufferIndex
                0x00800348        0x1 C:\Users\cyber\DOCUME~1\GitHub\HYDRO-~1\SENSOR~1\SENSOR~1\ARDUIN~1\Debug\libArduinoCore.a(twi.o)
 .bss.twi_masterBuffer
                0x00800349       0x20 C:\Users\cyber\DOCUME~1\GitHub\HYDRO-~1\SENSOR~1\SENSOR~1\ARDUIN~1\Debug\libArduinoCore.a(twi.o)
 .bss.twi_onSlaveReceive
                0x00800369        0x2 C:\Users\cyber\DOCUME~1\GitHub\HYDRO-~1\SENSOR~1\SENSOR~1\ARDUIN~1\Debug\libArduinoCore.a(twi.o)
 .bss.twi_onSlaveTransmit
                0x0080036b        0x2 C:\Users\cyber\DOCUME~1\GitHub\HYDRO-~1\SENSOR~1\SENSOR~1\ARDUIN~1\Debug\libArduinoCore.a(twi.o)
 .bss.twi_inRepStart
                0x0080036d        0x1 C:\Users\cyber\DOCUME~1\GitHub\HYDRO-~1\SENSOR~1\SENSOR~1\ARDUIN~1\Debug\libArduinoCore.a(twi.o)
 .bss.twi_sendStop
                0x0080036e        0x1 C:\Users\cyber\DOCUME~1\GitHub\HYDRO-~1\SENSOR~1\SENSOR~1\ARDUIN~1\Debug\libArduinoCore.a(twi.o)
 .bss.twi_slarw
                0x0080036f        0x1 C:\Users\cyber\DOCUME~1\GitHub\HYDRO-~1\SENSOR~1\SENSOR~1\ARDUIN~1\Debug\libArduinoCore.a(twi.o)
 .bss.twi_state
                0x00800370        0x1 C:\Users\cyber\DOCUME~1\GitHub\HYDRO-~1\SENSOR~1\SENSOR~1\ARDUIN~1\Debug\libArduinoCore.a(twi.o)
 *(COMMON)
 COMMON         0x00800371        0x4 c:/program files (x86)/atmel/studio/7.0/toolchain/avr8/avr8-gnu-toolchain/bin/../lib/gcc/avr/5.4.0/../../../../avr/lib/avr5\libc.a(malloc.o)
                0x00800371                __brkval
                0x00800373                __flp
 COMMON         0x00800375        0x2 c:/program files (x86)/atmel/studio/7.0/toolchain/avr8/avr8-gnu-toolchain/bin/../lib/gcc/avr/5.4.0/../../../../avr/lib/avr5\libc.a(errno.o)
                0x00800375                errno
                0x00800377                PROVIDE (__bss_end, .)
                0x00002dd2                __data_load_start = LOADADDR (.data)
                0x00002e9e                __data_load_end = (__data_load_start + SIZEOF (.data))

.noinit         0x00800377        0x0
                [!provide]                PROVIDE (__noinit_start, .)
 *(.noinit*)
                [!provide]                PROVIDE (__noinit_end, .)
                0x00800377                _end = .
                0x00800377                PROVIDE (__heap_start, .)

.eeprom         0x00810000        0x0
 *(.eeprom*)
                0x00810000                __eeprom_end = .

.fuse
 *(.fuse)
 *(.lfuse)
 *(.hfuse)
 *(.efuse)

.lock
 *(.lock*)

.signature
 *(.signature*)

.user_signatures
 *(.user_signatures*)

.stab
 *(.stab)

.stabstr
 *(.stabstr)

.stab.excl
 *(.stab.excl)

.stab.exclstr
 *(.stab.exclstr)

.stab.index
 *(.stab.index)

.stab.indexstr
 *(.stab.indexstr)

.comment        0x00000000       0x5c
 *(.comment)
 .comment       0x00000000       0x30 Sketch.o
                                 0x31 (size before relaxing)
 .comment       0x00000030       0x31 C:\Users\cyber\DOCUME~1\GitHub\HYDRO-~1\SENSOR~1\SENSOR~1\ARDUIN~1\Debug\libArduinoCore.a(HardwareSerial.o)
 .comment       0x00000030       0x31 C:\Users\cyber\DOCUME~1\GitHub\HYDRO-~1\SENSOR~1\SENSOR~1\ARDUIN~1\Debug\libArduinoCore.a(HardwareSerial0.o)
 .comment       0x00000030       0x31 C:\Users\cyber\DOCUME~1\GitHub\HYDRO-~1\SENSOR~1\SENSOR~1\ARDUIN~1\Debug\libArduinoCore.a(main.o)
 .comment       0x00000030       0x31 C:\Users\cyber\DOCUME~1\GitHub\HYDRO-~1\SENSOR~1\SENSOR~1\ARDUIN~1\Debug\libArduinoCore.a(Print.o)
 .comment       0x00000030       0x31 C:\Users\cyber\DOCUME~1\GitHub\HYDRO-~1\SENSOR~1\SENSOR~1\ARDUIN~1\Debug\libArduinoCore.a(wiring.o)
 .comment       0x00000030       0x31 C:\Users\cyber\DOCUME~1\GitHub\HYDRO-~1\SENSOR~1\SENSOR~1\ARDUIN~1\Debug\libArduinoCore.a(wiring_digital.o)
 .comment       0x00000030       0x31 C:\Users\cyber\DOCUME~1\GitHub\HYDRO-~1\SENSOR~1\SENSOR~1\ARDUIN~1\Debug\libArduinoCore.a(WString.o)
 .comment       0x00000030       0x31 C:\Users\cyber\DOCUME~1\GitHub\HYDRO-~1\SENSOR~1\SENSOR~1\ARDUIN~1\Debug\libArduinoCore.a(LiquidCrystal_I2C.o)
 .comment       0x00000030       0x31 C:\Users\cyber\DOCUME~1\GitHub\HYDRO-~1\SENSOR~1\SENSOR~1\ARDUIN~1\Debug\libArduinoCore.a(Wire.o)
 .comment       0x00000030       0x31 C:\Users\cyber\DOCUME~1\GitHub\HYDRO-~1\SENSOR~1\SENSOR~1\ARDUIN~1\Debug\libArduinoCore.a(hooks.o)
 .comment       0x00000030       0x31 C:\Users\cyber\DOCUME~1\GitHub\HYDRO-~1\SENSOR~1\SENSOR~1\ARDUIN~1\Debug\libArduinoCore.a(twi.o)
 .comment       0x00000030       0x31 c:/program files (x86)/atmel/studio/7.0/toolchain/avr8/avr8-gnu-toolchain/bin/../lib/gcc/avr/5.4.0/../../../../avr/lib/avr5\libc.a(dtostrf.o)
 .comment       0x00000030       0x31 c:/program files (x86)/atmel/studio/7.0/toolchain/avr8/avr8-gnu-toolchain/bin/../lib/gcc/avr/5.4.0/../../../../avr/lib/avr5\libc.a(malloc.o)
 .comment       0x00000030       0x31 c:/program files (x86)/atmel/studio/7.0/toolchain/avr8/avr8-gnu-toolchain/bin/../lib/gcc/avr/5.4.0/../../../../avr/lib/avr5\libc.a(realloc.o)
 .comment       0x00000030       0x31 c:/program files (x86)/atmel/studio/7.0/toolchain/avr8/avr8-gnu-toolchain/bin/../lib/gcc/avr/5.4.0/../../../../avr/lib/avr5\libc.a(dtoa_prf.o)
 .comment       0x00000030       0x31 c:/program files (x86)/atmel/studio/7.0/toolchain/avr8/avr8-gnu-toolchain/bin/../lib/gcc/avr/5.4.0/../../../../avr/lib/avr5\libc.a(strtod.o)
 .comment       0x00000030       0x2c c:/program files (x86)/atmel/studio/7.0/toolchain/avr8/avr8-gnu-toolchain/bin/../lib/gcc/avr/5.4.0/../../../../avr/lib/avr5\libc.a(errno.o)
                                 0x2d (size before relaxing)

.note.gnu.avr.deviceinfo
                0x00000000       0x40
 .note.gnu.avr.deviceinfo
                0x00000000       0x40 C:/Program Files (x86)/Atmel/Studio/7.0/Packs/atmel/ATmega_DFP/1.2.209/gcc/dev/atmega328p/avr5/crtatmega328p.o

.note.gnu.build-id
 *(.note.gnu.build-id)

.debug
 *(.debug)

.line
 *(.line)

.debug_srcinfo
 *(.debug_srcinfo)

.debug_sfnames
 *(.debug_sfnames)

.debug_aranges  0x00000000      0x828
 *(.debug_aranges)
 .debug_aranges
                0x00000000       0x68 Sketch.o
 .debug_aranges
                0x00000068       0x68 C:\Users\cyber\DOCUME~1\GitHub\HYDRO-~1\SENSOR~1\SENSOR~1\ARDUIN~1\Debug\libArduinoCore.a(HardwareSerial.o)
 .debug_aranges
                0x000000d0       0x48 C:\Users\cyber\DOCUME~1\GitHub\HYDRO-~1\SENSOR~1\SENSOR~1\ARDUIN~1\Debug\libArduinoCore.a(HardwareSerial0.o)
 .debug_aranges
                0x00000118       0x30 C:\Users\cyber\DOCUME~1\GitHub\HYDRO-~1\SENSOR~1\SENSOR~1\ARDUIN~1\Debug\libArduinoCore.a(main.o)
 .debug_aranges
                0x00000148      0x100 C:\Users\cyber\DOCUME~1\GitHub\HYDRO-~1\SENSOR~1\SENSOR~1\ARDUIN~1\Debug\libArduinoCore.a(Print.o)
 .debug_aranges
                0x00000248       0x48 C:\Users\cyber\DOCUME~1\GitHub\HYDRO-~1\SENSOR~1\SENSOR~1\ARDUIN~1\Debug\libArduinoCore.a(wiring.o)
 .debug_aranges
                0x00000290       0x38 C:\Users\cyber\DOCUME~1\GitHub\HYDRO-~1\SENSOR~1\SENSOR~1\ARDUIN~1\Debug\libArduinoCore.a(wiring_digital.o)
 .debug_aranges
                0x000002c8      0x2b8 C:\Users\cyber\DOCUME~1\GitHub\HYDRO-~1\SENSOR~1\SENSOR~1\ARDUIN~1\Debug\libArduinoCore.a(WString.o)
 .debug_aranges
                0x00000580      0x110 C:\Users\cyber\DOCUME~1\GitHub\HYDRO-~1\SENSOR~1\SENSOR~1\ARDUIN~1\Debug\libArduinoCore.a(LiquidCrystal_I2C.o)
 .debug_aranges
                0x00000690       0xf8 C:\Users\cyber\DOCUME~1\GitHub\HYDRO-~1\SENSOR~1\SENSOR~1\ARDUIN~1\Debug\libArduinoCore.a(Wire.o)
 .debug_aranges
                0x00000788       0x20 C:\Users\cyber\DOCUME~1\GitHub\HYDRO-~1\SENSOR~1\SENSOR~1\ARDUIN~1\Debug\libArduinoCore.a(hooks.o)
 .debug_aranges
                0x000007a8       0x80 C:\Users\cyber\DOCUME~1\GitHub\HYDRO-~1\SENSOR~1\SENSOR~1\ARDUIN~1\Debug\libArduinoCore.a(twi.o)

.debug_pubnames
 *(.debug_pubnames)

.debug_info     0x00000000    0x11ebe
 *(.debug_info .gnu.linkonce.wi.*)
 .debug_info    0x00000000      0x5f4 C:/Program Files (x86)/Atmel/Studio/7.0/Packs/atmel/ATmega_DFP/1.2.209/gcc/dev/atmega328p/avr5/crtatmega328p.o
 .debug_info    0x000005f4     0x2468 Sketch.o
 .debug_info    0x00002a5c     0x1f64 C:\Users\cyber\DOCUME~1\GitHub\HYDRO-~1\SENSOR~1\SENSOR~1\ARDUIN~1\Debug\libArduinoCore.a(HardwareSerial.o)
 .debug_info    0x000049c0     0x1b16 C:\Users\cyber\DOCUME~1\GitHub\HYDRO-~1\SENSOR~1\SENSOR~1\ARDUIN~1\Debug\libArduinoCore.a(HardwareSerial0.o)
 .debug_info    0x000064d6      0x237 C:\Users\cyber\DOCUME~1\GitHub\HYDRO-~1\SENSOR~1\SENSOR~1\ARDUIN~1\Debug\libArduinoCore.a(main.o)
 .debug_info    0x0000670d     0x28ff C:\Users\cyber\DOCUME~1\GitHub\HYDRO-~1\SENSOR~1\SENSOR~1\ARDUIN~1\Debug\libArduinoCore.a(Print.o)
 .debug_info    0x0000900c      0x2cb C:\Users\cyber\DOCUME~1\GitHub\HYDRO-~1\SENSOR~1\SENSOR~1\ARDUIN~1\Debug\libArduinoCore.a(wiring.o)
 .debug_info    0x000092d7      0x5fe C:\Users\cyber\DOCUME~1\GitHub\HYDRO-~1\SENSOR~1\SENSOR~1\ARDUIN~1\Debug\libArduinoCore.a(wiring_digital.o)
 .debug_info    0x000098d5     0x4338 C:\Users\cyber\DOCUME~1\GitHub\HYDRO-~1\SENSOR~1\SENSOR~1\ARDUIN~1\Debug\libArduinoCore.a(WString.o)
 .debug_info    0x0000dc0d     0x14bf C:\Users\cyber\DOCUME~1\GitHub\HYDRO-~1\SENSOR~1\SENSOR~1\ARDUIN~1\Debug\libArduinoCore.a(LiquidCrystal_I2C.o)
 .debug_info    0x0000f0cc     0x27b0 C:\Users\cyber\DOCUME~1\GitHub\HYDRO-~1\SENSOR~1\SENSOR~1\ARDUIN~1\Debug\libArduinoCore.a(Wire.o)
 .debug_info    0x0001187c       0x3e C:\Users\cyber\DOCUME~1\GitHub\HYDRO-~1\SENSOR~1\SENSOR~1\ARDUIN~1\Debug\libArduinoCore.a(hooks.o)
 .debug_info    0x000118ba      0x604 C:\Users\cyber\DOCUME~1\GitHub\HYDRO-~1\SENSOR~1\SENSOR~1\ARDUIN~1\Debug\libArduinoCore.a(twi.o)

.debug_abbrev   0x00000000     0x2b29
 *(.debug_abbrev)
 .debug_abbrev  0x00000000      0x5a2 C:/Program Files (x86)/Atmel/Studio/7.0/Packs/atmel/ATmega_DFP/1.2.209/gcc/dev/atmega328p/avr5/crtatmega328p.o
 .debug_abbrev  0x000005a2      0x497 Sketch.o
 .debug_abbrev  0x00000a39      0x4b7 C:\Users\cyber\DOCUME~1\GitHub\HYDRO-~1\SENSOR~1\SENSOR~1\ARDUIN~1\Debug\libArduinoCore.a(HardwareSerial.o)
 .debug_abbrev  0x00000ef0      0x3ce C:\Users\cyber\DOCUME~1\GitHub\HYDRO-~1\SENSOR~1\SENSOR~1\ARDUIN~1\Debug\libArduinoCore.a(HardwareSerial0.o)
 .debug_abbrev  0x000012be      0x12d C:\Users\cyber\DOCUME~1\GitHub\HYDRO-~1\SENSOR~1\SENSOR~1\ARDUIN~1\Debug\libArduinoCore.a(main.o)
 .debug_abbrev  0x000013eb      0x47a C:\Users\cyber\DOCUME~1\GitHub\HYDRO-~1\SENSOR~1\SENSOR~1\ARDUIN~1\Debug\libArduinoCore.a(Print.o)
 .debug_abbrev  0x00001865      0x146 C:\Users\cyber\DOCUME~1\GitHub\HYDRO-~1\SENSOR~1\SENSOR~1\ARDUIN~1\Debug\libArduinoCore.a(wiring.o)
 .debug_abbrev  0x000019ab      0x15b C:\Users\cyber\DOCUME~1\GitHub\HYDRO-~1\SENSOR~1\SENSOR~1\ARDUIN~1\Debug\libArduinoCore.a(wiring_digital.o)
 .debug_abbrev  0x00001b06      0x4c2 C:\Users\cyber\DOCUME~1\GitHub\HYDRO-~1\SENSOR~1\SENSOR~1\ARDUIN~1\Debug\libArduinoCore.a(WString.o)
 .debug_abbrev  0x00001fc8      0x356 C:\Users\cyber\DOCUME~1\GitHub\HYDRO-~1\SENSOR~1\SENSOR~1\ARDUIN~1\Debug\libArduinoCore.a(LiquidCrystal_I2C.o)
 .debug_abbrev  0x0000231e      0x581 C:\Users\cyber\DOCUME~1\GitHub\HYDRO-~1\SENSOR~1\SENSOR~1\ARDUIN~1\Debug\libArduinoCore.a(Wire.o)
 .debug_abbrev  0x0000289f       0x2a C:\Users\cyber\DOCUME~1\GitHub\HYDRO-~1\SENSOR~1\SENSOR~1\ARDUIN~1\Debug\libArduinoCore.a(hooks.o)
 .debug_abbrev  0x000028c9      0x260 C:\Users\cyber\DOCUME~1\GitHub\HYDRO-~1\SENSOR~1\SENSOR~1\ARDUIN~1\Debug\libArduinoCore.a(twi.o)

.debug_line     0x00000000     0x4031
 *(.debug_line .debug_line.* .debug_line_end)
 .debug_line    0x00000000      0x133 C:/Program Files (x86)/Atmel/Studio/7.0/Packs/atmel/ATmega_DFP/1.2.209/gcc/dev/atmega328p/avr5/crtatmega328p.o
 .debug_line    0x00000133      0x5af Sketch.o
 .debug_line    0x000006e2      0x4c4 C:\Users\cyber\DOCUME~1\GitHub\HYDRO-~1\SENSOR~1\SENSOR~1\ARDUIN~1\Debug\libArduinoCore.a(HardwareSerial.o)
 .debug_line    0x00000ba6      0x28c C:\Users\cyber\DOCUME~1\GitHub\HYDRO-~1\SENSOR~1\SENSOR~1\ARDUIN~1\Debug\libArduinoCore.a(HardwareSerial0.o)
 .debug_line    0x00000e32      0x165 C:\Users\cyber\DOCUME~1\GitHub\HYDRO-~1\SENSOR~1\SENSOR~1\ARDUIN~1\Debug\libArduinoCore.a(main.o)
 .debug_line    0x00000f97      0x685 C:\Users\cyber\DOCUME~1\GitHub\HYDRO-~1\SENSOR~1\SENSOR~1\ARDUIN~1\Debug\libArduinoCore.a(Print.o)
 .debug_line    0x0000161c      0x299 C:\Users\cyber\DOCUME~1\GitHub\HYDRO-~1\SENSOR~1\SENSOR~1\ARDUIN~1\Debug\libArduinoCore.a(wiring.o)
 .debug_line    0x000018b5      0x252 C:\Users\cyber\DOCUME~1\GitHub\HYDRO-~1\SENSOR~1\SENSOR~1\ARDUIN~1\Debug\libArduinoCore.a(wiring_digital.o)
 .debug_line    0x00001b07     0x1355 C:\Users\cyber\DOCUME~1\GitHub\HYDRO-~1\SENSOR~1\SENSOR~1\ARDUIN~1\Debug\libArduinoCore.a(WString.o)
 .debug_line    0x00002e5c      0x6b3 C:\Users\cyber\DOCUME~1\GitHub\HYDRO-~1\SENSOR~1\SENSOR~1\ARDUIN~1\Debug\libArduinoCore.a(LiquidCrystal_I2C.o)
 .debug_line    0x0000350f      0x5ec C:\Users\cyber\DOCUME~1\GitHub\HYDRO-~1\SENSOR~1\SENSOR~1\ARDUIN~1\Debug\libArduinoCore.a(Wire.o)
 .debug_line    0x00003afb       0x41 C:\Users\cyber\DOCUME~1\GitHub\HYDRO-~1\SENSOR~1\SENSOR~1\ARDUIN~1\Debug\libArduinoCore.a(hooks.o)
 .debug_line    0x00003b3c      0x4f5 C:\Users\cyber\DOCUME~1\GitHub\HYDRO-~1\SENSOR~1\SENSOR~1\ARDUIN~1\Debug\libArduinoCore.a(twi.o)

.debug_frame    0x00000000     0x1924
 *(.debug_frame)
 .debug_frame   0x00000000      0x130 Sketch.o
 .debug_frame   0x00000130      0x110 C:\Users\cyber\DOCUME~1\GitHub\HYDRO-~1\SENSOR~1\SENSOR~1\ARDUIN~1\Debug\libArduinoCore.a(HardwareSerial.o)
 .debug_frame   0x00000240       0xe0 C:\Users\cyber\DOCUME~1\GitHub\HYDRO-~1\SENSOR~1\SENSOR~1\ARDUIN~1\Debug\libArduinoCore.a(HardwareSerial0.o)
 .debug_frame   0x00000320       0x54 C:\Users\cyber\DOCUME~1\GitHub\HYDRO-~1\SENSOR~1\SENSOR~1\ARDUIN~1\Debug\libArduinoCore.a(main.o)
 .debug_frame   0x00000374      0x3ac C:\Users\cyber\DOCUME~1\GitHub\HYDRO-~1\SENSOR~1\SENSOR~1\ARDUIN~1\Debug\libArduinoCore.a(Print.o)
 .debug_frame   0x00000720       0xc4 C:\Users\cyber\DOCUME~1\GitHub\HYDRO-~1\SENSOR~1\SENSOR~1\ARDUIN~1\Debug\libArduinoCore.a(wiring.o)
 .debug_frame   0x000007e4       0x7c C:\Users\cyber\DOCUME~1\GitHub\HYDRO-~1\SENSOR~1\SENSOR~1\ARDUIN~1\Debug\libArduinoCore.a(wiring_digital.o)
 .debug_frame   0x00000860      0xa60 C:\Users\cyber\DOCUME~1\GitHub\HYDRO-~1\SENSOR~1\SENSOR~1\ARDUIN~1\Debug\libArduinoCore.a(WString.o)
 .debug_frame   0x000012c0      0x28c C:\Users\cyber\DOCUME~1\GitHub\HYDRO-~1\SENSOR~1\SENSOR~1\ARDUIN~1\Debug\libArduinoCore.a(LiquidCrystal_I2C.o)
 .debug_frame   0x0000154c      0x280 C:\Users\cyber\DOCUME~1\GitHub\HYDRO-~1\SENSOR~1\SENSOR~1\ARDUIN~1\Debug\libArduinoCore.a(Wire.o)
 .debug_frame   0x000017cc       0x24 C:\Users\cyber\DOCUME~1\GitHub\HYDRO-~1\SENSOR~1\SENSOR~1\ARDUIN~1\Debug\libArduinoCore.a(hooks.o)
 .debug_frame   0x000017f0      0x134 C:\Users\cyber\DOCUME~1\GitHub\HYDRO-~1\SENSOR~1\SENSOR~1\ARDUIN~1\Debug\libArduinoCore.a(twi.o)

.debug_str      0x00000000     0x34aa
 *(.debug_str)
 .debug_str     0x00000000      0x208 C:/Program Files (x86)/Atmel/Studio/7.0/Packs/atmel/ATmega_DFP/1.2.209/gcc/dev/atmega328p/avr5/crtatmega328p.o
 .debug_str     0x00000208     0x1238 Sketch.o
                               0x12e8 (size before relaxing)
 .debug_str     0x00001440      0x7db C:\Users\cyber\DOCUME~1\GitHub\HYDRO-~1\SENSOR~1\SENSOR~1\ARDUIN~1\Debug\libArduinoCore.a(HardwareSerial.o)
                               0x162e (size before relaxing)
 .debug_str     0x00001c1b       0x86 C:\Users\cyber\DOCUME~1\GitHub\HYDRO-~1\SENSOR~1\SENSOR~1\ARDUIN~1\Debug\libArduinoCore.a(HardwareSerial0.o)
                               0x1421 (size before relaxing)
 .debug_str     0x00001ca1       0x37 C:\Users\cyber\DOCUME~1\GitHub\HYDRO-~1\SENSOR~1\SENSOR~1\ARDUIN~1\Debug\libArduinoCore.a(main.o)
                                0x2cd (size before relaxing)
 .debug_str     0x00001cd8      0x3b8 C:\Users\cyber\DOCUME~1\GitHub\HYDRO-~1\SENSOR~1\SENSOR~1\ARDUIN~1\Debug\libArduinoCore.a(Print.o)
                               0x125b (size before relaxing)
 .debug_str     0x00002090      0x15c C:\Users\cyber\DOCUME~1\GitHub\HYDRO-~1\SENSOR~1\SENSOR~1\ARDUIN~1\Debug\libArduinoCore.a(wiring.o)
                                0x263 (size before relaxing)
 .debug_str     0x000021ec       0xc2 C:\Users\cyber\DOCUME~1\GitHub\HYDRO-~1\SENSOR~1\SENSOR~1\ARDUIN~1\Debug\libArduinoCore.a(wiring_digital.o)
                                0x2c8 (size before relaxing)
 .debug_str     0x000022ae      0x3a2 C:\Users\cyber\DOCUME~1\GitHub\HYDRO-~1\SENSOR~1\SENSOR~1\ARDUIN~1\Debug\libArduinoCore.a(WString.o)
                               0x11ae (size before relaxing)
 .debug_str     0x00002650      0x7e3 C:\Users\cyber\DOCUME~1\GitHub\HYDRO-~1\SENSOR~1\SENSOR~1\ARDUIN~1\Debug\libArduinoCore.a(LiquidCrystal_I2C.o)
                                0xbf4 (size before relaxing)
 .debug_str     0x00002e33      0x50a C:\Users\cyber\DOCUME~1\GitHub\HYDRO-~1\SENSOR~1\SENSOR~1\ARDUIN~1\Debug\libArduinoCore.a(Wire.o)
                               0x18da (size before relaxing)
 .debug_str     0x0000333d       0x1c C:\Users\cyber\DOCUME~1\GitHub\HYDRO-~1\SENSOR~1\SENSOR~1\ARDUIN~1\Debug\libArduinoCore.a(hooks.o)
                                0x158 (size before relaxing)
 .debug_str     0x00003359      0x151 C:\Users\cyber\DOCUME~1\GitHub\HYDRO-~1\SENSOR~1\SENSOR~1\ARDUIN~1\Debug\libArduinoCore.a(twi.o)
                                0x3e3 (size before relaxing)

.debug_loc      0x00000000     0x8c5e
 *(.debug_loc)
 .debug_loc     0x00000000      0x3e8 Sketch.o
 .debug_loc     0x000003e8      0x4dc C:\Users\cyber\DOCUME~1\GitHub\HYDRO-~1\SENSOR~1\SENSOR~1\ARDUIN~1\Debug\libArduinoCore.a(HardwareSerial.o)
 .debug_loc     0x000008c4      0x1b0 C:\Users\cyber\DOCUME~1\GitHub\HYDRO-~1\SENSOR~1\SENSOR~1\ARDUIN~1\Debug\libArduinoCore.a(HardwareSerial0.o)
 .debug_loc     0x00000a74     0x1c87 C:\Users\cyber\DOCUME~1\GitHub\HYDRO-~1\SENSOR~1\SENSOR~1\ARDUIN~1\Debug\libArduinoCore.a(Print.o)
 .debug_loc     0x000026fb      0x28d C:\Users\cyber\DOCUME~1\GitHub\HYDRO-~1\SENSOR~1\SENSOR~1\ARDUIN~1\Debug\libArduinoCore.a(wiring.o)
 .debug_loc     0x00002988      0x5fc C:\Users\cyber\DOCUME~1\GitHub\HYDRO-~1\SENSOR~1\SENSOR~1\ARDUIN~1\Debug\libArduinoCore.a(wiring_digital.o)
 .debug_loc     0x00002f84     0x422d C:\Users\cyber\DOCUME~1\GitHub\HYDRO-~1\SENSOR~1\SENSOR~1\ARDUIN~1\Debug\libArduinoCore.a(WString.o)
 .debug_loc     0x000071b1      0xae1 C:\Users\cyber\DOCUME~1\GitHub\HYDRO-~1\SENSOR~1\SENSOR~1\ARDUIN~1\Debug\libArduinoCore.a(LiquidCrystal_I2C.o)
 .debug_loc     0x00007c92      0xbe6 C:\Users\cyber\DOCUME~1\GitHub\HYDRO-~1\SENSOR~1\SENSOR~1\ARDUIN~1\Debug\libArduinoCore.a(Wire.o)
 .debug_loc     0x00008878      0x3e6 C:\Users\cyber\DOCUME~1\GitHub\HYDRO-~1\SENSOR~1\SENSOR~1\ARDUIN~1\Debug\libArduinoCore.a(twi.o)

.debug_macinfo
 *(.debug_macinfo)

.debug_weaknames
 *(.debug_weaknames)

.debug_funcnames
 *(.debug_funcnames)

.debug_typenames
 *(.debug_typenames)

.debug_varnames
 *(.debug_varnames)

.debug_pubtypes
 *(.debug_pubtypes)

.debug_ranges   0x00000000      0x800
 *(.debug_ranges)
 .debug_ranges  0x00000000       0x70 Sketch.o
 .debug_ranges  0x00000070       0x58 C:\Users\cyber\DOCUME~1\GitHub\HYDRO-~1\SENSOR~1\SENSOR~1\ARDUIN~1\Debug\libArduinoCore.a(HardwareSerial.o)
 .debug_ranges  0x000000c8       0x38 C:\Users\cyber\DOCUME~1\GitHub\HYDRO-~1\SENSOR~1\SENSOR~1\ARDUIN~1\Debug\libArduinoCore.a(HardwareSerial0.o)
 .debug_ranges  0x00000100       0x20 C:\Users\cyber\DOCUME~1\GitHub\HYDRO-~1\SENSOR~1\SENSOR~1\ARDUIN~1\Debug\libArduinoCore.a(main.o)
 .debug_ranges  0x00000120      0x120 C:\Users\cyber\DOCUME~1\GitHub\HYDRO-~1\SENSOR~1\SENSOR~1\ARDUIN~1\Debug\libArduinoCore.a(Print.o)
 .debug_ranges  0x00000240       0x38 C:\Users\cyber\DOCUME~1\GitHub\HYDRO-~1\SENSOR~1\SENSOR~1\ARDUIN~1\Debug\libArduinoCore.a(wiring.o)
 .debug_ranges  0x00000278       0x28 C:\Users\cyber\DOCUME~1\GitHub\HYDRO-~1\SENSOR~1\SENSOR~1\ARDUIN~1\Debug\libArduinoCore.a(wiring_digital.o)
 .debug_ranges  0x000002a0      0x2f8 C:\Users\cyber\DOCUME~1\GitHub\HYDRO-~1\SENSOR~1\SENSOR~1\ARDUIN~1\Debug\libArduinoCore.a(WString.o)
 .debug_ranges  0x00000598      0x100 C:\Users\cyber\DOCUME~1\GitHub\HYDRO-~1\SENSOR~1\SENSOR~1\ARDUIN~1\Debug\libArduinoCore.a(LiquidCrystal_I2C.o)
 .debug_ranges  0x00000698       0xe8 C:\Users\cyber\DOCUME~1\GitHub\HYDRO-~1\SENSOR~1\SENSOR~1\ARDUIN~1\Debug\libArduinoCore.a(Wire.o)
 .debug_ranges  0x00000780       0x10 C:\Users\cyber\DOCUME~1\GitHub\HYDRO-~1\SENSOR~1\SENSOR~1\ARDUIN~1\Debug\libArduinoCore.a(hooks.o)
 .debug_ranges  0x00000790       0x70 C:\Users\cyber\DOCUME~1\GitHub\HYDRO-~1\SENSOR~1\SENSOR~1\ARDUIN~1\Debug\libArduinoCore.a(twi.o)

.debug_macro
 *(.debug_macro)
OUTPUT(Monitor_Handler.elf elf32-avr)
LOAD linker stubs
